[2026-04-14 19:01:46] [thr] mode=soft viable=0/201 best t=0.5209 obj=-0.6139 f2=0.1299 sens=0.1094 spec=0.8984 fpr=0.1016 | pen(spec/fpr/sens)=0.000/0.002/0.741 lam(spec/fpr/sens)=2.00/2.00/1.00 | probs(min/mean/max)=0.5134/0.5175/0.5274 range=0.014017
[2026-04-14 19:01:46] [thr] logits(min/mean/max)=0.0535/0.0700/0.1096 range=0.0562 pctl(p5/p50/p95)=0.0568/0.0685/0.0911
[2026-04-14 19:01:51] [thr] mode=soft viable=0/201 best t=0.5156 obj=-0.5096 f2=0.2575 sens=0.2266 spec=0.8281 fpr=0.1719 | pen(spec/fpr/sens)=0.000/0.072/0.623 lam(spec/fpr/sens)=2.00/2.00/1.00 | probs(min/mean/max)=0.5112/0.5140/0.5211 range=0.009894
[2026-04-14 19:01:51] [thr] logits(min/mean/max)=0.0447/0.0562/0.0843 range=0.0396 pctl(p5/p50/p95)=0.0473/0.0544/0.0719
[2026-04-14 19:01:56] [thr] mode=soft viable=0/201 best t=0.4964 obj=-0.4451 f2=0.3065 sens=0.2734 spec=0.8125 fpr=0.1875 | pen(spec/fpr/sens)=0.000/0.087/0.577 lam(spec/fpr/sens)=2.00/2.00/1.00 | probs(min/mean/max)=0.4952/0.4961/0.4978 range=0.002537
[2026-04-14 19:01:56] [thr] logits(min/mean/max)=-0.0191/-0.0156/-0.0090 range=0.0101 pctl(p5/p50/p95)=-0.0178/-0.0162/-0.0118
[2026-04-14 19:02:02] [thr] mode=soft viable=0/201 best t=0.5030 obj=-0.4835 f2=0.3212 sens=0.2891 spec=0.7891 fpr=0.2109 | pen(spec/fpr/sens)=0.011/0.111/0.561 lam(spec/fpr/sens)=2.00/2.00/1.00 | probs(min/mean/max)=0.5017/0.5027/0.5048 range=0.003141
[2026-04-14 19:02:02] [thr] logits(min/mean/max)=0.0068/0.0106/0.0194 range=0.0126 pctl(p5/p50/p95)=0.0081/0.0098/0.0152
[2026-04-14 19:02:06] [thr] mode=soft viable=0/201 best t=0.5010 obj=-0.4773 f2=0.2664 sens=0.2344 spec=0.8359 fpr=0.1641 | pen(spec/fpr/sens)=0.000/0.064/0.616 lam(spec/fpr/sens)=2.00/2.00/1.00 | probs(min/mean/max)=0.4992/0.5003/0.5036 range=0.004392
[2026-04-14 19:02:06] [thr] logits(min/mean/max)=-0.0033/0.0012/0.0142 range=0.0176 pctl(p5/p50/p95)=-0.0017/-0.0007/0.0083
[2026-04-14 19:02:12] [thr] mode=soft viable=0/201 best t=0.4980 obj=-0.4796 f2=0.2095 sens=0.1797 spec=0.8906 fpr=0.1094 | pen(spec/fpr/sens)=0.000/0.009/0.670 lam(spec/fpr/sens)=2.00/2.00/1.00 | probs(min/mean/max)=0.4958/0.4973/0.4993 range=0.003516
[2026-04-14 19:02:12] [thr] logits(min/mean/max)=-0.0168/-0.0108/-0.0028 range=0.0141 pctl(p5/p50/p95)=-0.0147/-0.0115/-0.0063
[2026-04-14 19:02:13] [thr] mode=soft viable=0/201 best t=0.4989 obj=-0.5757 f2=0.1493 sens=0.1250 spec=0.9375 fpr=0.0625 | pen(spec/fpr/sens)=0.000/0.000/0.725 lam(spec/fpr/sens)=2.00/2.00/1.00 | probs(min/mean/max)=0.4958/0.4975/0.4996 range=0.003772
[2026-04-14 19:02:13] [thr] logits(min/mean/max)=-0.0167/-0.0100/-0.0016 range=0.0151 pctl(p5/p50/p95)=-0.0143/-0.0110/-0.0039
[2026-04-14 19:02:16] [thr] mode=soft viable=0/201 best t=0.5007 obj=-0.6307 f2=0.1208 sens=0.1016 spec=0.8984 fpr=0.1016 | pen(spec/fpr/sens)=0.000/0.002/0.748 lam(spec/fpr/sens)=2.00/2.00/1.00 | probs(min/mean/max)=0.4941/0.4982/0.5052 range=0.011149
[2026-04-14 19:02:16] [thr] logits(min/mean/max)=-0.0236/-0.0072/0.0210 range=0.0446 pctl(p5/p50/p95)=-0.0170/-0.0090/0.0065
[2026-04-14 19:02:21] [thr] mode=soft viable=0/201 best t=0.5107 obj=-0.4783 f2=0.2342 sens=0.2031 spec=0.8672 fpr=0.1328 | pen(spec/fpr/sens)=0.000/0.033/0.647 lam(spec/fpr/sens)=2.00/2.00/1.00 | probs(min/mean/max)=0.5007/0.5090/0.5141 range=0.013378
[2026-04-14 19:02:21] [thr] logits(min/mean/max)=0.0029/0.0360/0.0564 range=0.0535 pctl(p5/p50/p95)=0.0208/0.0374/0.0475
[2026-04-14 19:02:26] [thr] mode=soft viable=0/201 best t=0.5039 obj=-0.4288 f2=0.2837 sens=0.2500 spec=0.8438 fpr=0.1562 | pen(spec/fpr/sens)=0.000/0.056/0.600 lam(spec/fpr/sens)=2.00/2.00/1.00 | probs(min/mean/max)=0.5002/0.5033/0.5066 range=0.006419
[2026-04-14 19:02:26] [thr] logits(min/mean/max)=0.0008/0.0131/0.0265 range=0.0257 pctl(p5/p50/p95)=0.0065/0.0133/0.0206
[2026-04-14 19:02:31] [thr] mode=soft viable=0/201 best t=0.4990 obj=-0.4449 f2=0.2910 sens=0.2578 spec=0.8281 fpr=0.1719 | pen(spec/fpr/sens)=0.000/0.072/0.592 lam(spec/fpr/sens)=2.00/2.00/1.00 | probs(min/mean/max)=0.4938/0.4981/0.5023 range=0.008485
[2026-04-14 19:02:31] [thr] logits(min/mean/max)=-0.0248/-0.0074/0.0091 range=0.0339 pctl(p5/p50/p95)=-0.0165/-0.0070/0.0018
[2026-04-14 19:02:36] [thr] mode=soft viable=0/201 best t=0.5022 obj=-0.4127 f2=0.2842 sens=0.2500 spec=0.8516 fpr=0.1484 | pen(spec/fpr/sens)=0.000/0.048/0.600 lam(spec/fpr/sens)=2.00/2.00/1.00 | probs(min/mean/max)=0.4951/0.5008/0.5062 range=0.011093
[2026-04-14 19:02:36] [thr] logits(min/mean/max)=-0.0198/0.0034/0.0246 range=0.0444 pctl(p5/p50/p95)=-0.0089/0.0043/0.0149
[2026-04-14 19:02:41] [thr] mode=soft viable=0/201 best t=0.5054 obj=-0.4462 f2=0.2351 sens=0.2031 spec=0.8828 fpr=0.1172 | pen(spec/fpr/sens)=0.000/0.017/0.647 lam(spec/fpr/sens)=2.00/2.00/1.00 | probs(min/mean/max)=0.4990/0.5039/0.5080 range=0.009074
[2026-04-14 19:02:41] [thr] logits(min/mean/max)=-0.0041/0.0156/0.0322 range=0.0363 pctl(p5/p50/p95)=0.0047/0.0165/0.0247
[2026-04-14 19:02:41] [thr] mode=soft viable=0/201 best t=0.5052 obj=-0.6279 f2=0.1471 sens=0.1250 spec=0.8750 fpr=0.1250 | pen(spec/fpr/sens)=0.000/0.025/0.725 lam(spec/fpr/sens)=2.00/2.00/1.00 | probs(min/mean/max)=0.5003/0.5038/0.5073 range=0.006967
[2026-04-14 19:02:41] [thr] logits(min/mean/max)=0.0012/0.0153/0.0291 range=0.0279 pctl(p5/p50/p95)=0.0041/0.0166/0.0242
[2026-04-14 19:02:44] [thr] mode=soft viable=0/201 best t=0.5032 obj=-0.6942 f2=0.1964 sens=0.1719 spec=0.7969 fpr=0.2031 | pen(spec/fpr/sens)=0.003/0.103/0.678 lam(spec/fpr/sens)=2.00/2.00/1.00 | probs(min/mean/max)=0.4956/0.5016/0.5037 range=0.008088
[2026-04-14 19:02:44] [thr] logits(min/mean/max)=-0.0176/0.0065/0.0147 range=0.0324 pctl(p5/p50/p95)=-0.0088/0.0086/0.0138
[2026-04-14 19:02:49] [thr] mode=soft viable=0/201 best t=0.4980 obj=-0.6556 f2=0.2054 sens=0.1797 spec=0.8047 fpr=0.1953 | pen(spec/fpr/sens)=0.000/0.095/0.670 lam(spec/fpr/sens)=2.00/2.00/1.00 | probs(min/mean/max)=0.4923/0.4968/0.4981 range=0.005750
[2026-04-14 19:02:49] [thr] logits(min/mean/max)=-0.0306/-0.0127/-0.0076 range=0.0230 pctl(p5/p50/p95)=-0.0235/-0.0111/-0.0076
[2026-04-14 19:02:54] [thr] mode=soft viable=0/201 best t=0.4987 obj=-0.5802 f2=0.2557 sens=0.2266 spec=0.7969 fpr=0.2031 | pen(spec/fpr/sens)=0.003/0.103/0.623 lam(spec/fpr/sens)=2.00/2.00/1.00 | probs(min/mean/max)=0.4910/0.4971/0.4988 range=0.007803
[2026-04-14 19:02:54] [thr] logits(min/mean/max)=-0.0359/-0.0114/-0.0047 range=0.0312 pctl(p5/p50/p95)=-0.0252/-0.0094/-0.0047
[2026-04-14 19:03:00] [thr] mode=soft viable=0/201 best t=0.5070 obj=-0.5432 f2=0.2162 sens=0.1875 spec=0.8516 fpr=0.1484 | pen(spec/fpr/sens)=0.000/0.048/0.662 lam(spec/fpr/sens)=2.00/2.00/1.00 | probs(min/mean/max)=0.4949/0.5045/0.5072 range=0.012277
[2026-04-14 19:03:00] [thr] logits(min/mean/max)=-0.0203/0.0178/0.0288 range=0.0491 pctl(p5/p50/p95)=-0.0045/0.0209/0.0285
[2026-04-14 19:03:04] [thr] mode=soft viable=0/201 best t=0.5022 obj=-0.5588 f2=0.2240 sens=0.1953 spec=0.8359 fpr=0.1641 | pen(spec/fpr/sens)=0.000/0.064/0.655 lam(spec/fpr/sens)=2.00/2.00/1.00 | probs(min/mean/max)=0.4991/0.5015/0.5023 range=0.003267
[2026-04-14 19:03:04] [thr] logits(min/mean/max)=-0.0037/0.0061/0.0093 range=0.0131 pctl(p5/p50/p95)=0.0009/0.0067/0.0090
[2026-04-14 19:03:10] [thr] mode=soft viable=0/201 best t=0.5005 obj=-0.6285 f2=0.2465 sens=0.2188 spec=0.7891 fpr=0.2109 | pen(spec/fpr/sens)=0.011/0.111/0.631 lam(spec/fpr/sens)=2.00/2.00/1.00 | probs(min/mean/max)=0.4940/0.4992/0.5006 range=0.006557
[2026-04-14 19:03:10] [thr] logits(min/mean/max)=-0.0239/-0.0033/0.0024 range=0.0262 pctl(p5/p50/p95)=-0.0153/-0.0018/0.0022
[2026-04-14 19:03:10] [thr] mode=soft viable=0/201 best t=0.5005 obj=-0.6443 f2=0.1119 sens=0.0938 spec=0.9062 fpr=0.0938 | pen(spec/fpr/sens)=0.000/0.000/0.756 lam(spec/fpr/sens)=2.00/2.00/1.00 | probs(min/mean/max)=0.4961/0.4991/0.5006 range=0.004466
[2026-04-14 19:03:10] [thr] logits(min/mean/max)=-0.0156/-0.0034/0.0023 range=0.0179 pctl(p5/p50/p95)=-0.0139/-0.0015/0.0022
