[2026-08-08 00:15:07] [phase] phase=search targets sens/spec/fpr=0.420/0.650/0.300
[2026-08-08 00:17:07] [thr] mode=hard viable=0/51 best t=0.4660 obj=0.5508 f2=0.6012 sens=0.6172 spec=0.4844 fpr=0.5156 | probs(min/mean/max)=0.3323/0.4834/0.6362 range=0.303875
[2026-08-08 00:17:07] [thr] logits(min/mean/max)=-0.6978/-0.0672/0.5588 range=1.2566 pctl(p5/p50/p95)=-0.4537/-0.0943/0.3641
[2026-08-08 00:19:12] [thr] mode=hard viable=0/51 best t=0.4736 obj=0.5234 f2=0.8133 sens=0.9531 spec=0.0938 fpr=0.9062 | probs(min/mean/max)=0.4267/0.5151/0.5942 range=0.167468
[2026-08-08 00:19:12] [thr] logits(min/mean/max)=-0.2952/0.0604/0.3814 range=0.6766 pctl(p5/p50/p95)=-0.1209/0.0522/0.2534
[2026-08-08 00:21:21] [thr] mode=hard viable=0/51 best t=0.4461 obj=0.5117 f2=0.8322 sens=0.9922 spec=0.0312 fpr=0.9688 | probs(min/mean/max)=0.4218/0.5305/0.6244 range=0.202593
[2026-08-08 00:21:21] [thr] logits(min/mean/max)=-0.3155/0.1232/0.5081 range=0.8236 pctl(p5/p50/p95)=-0.1818/0.1380/0.3912
[2026-08-08 00:21:27] [terminal] phase=search auc=0.5170 sens=0.9294 spec=0.0782 thr*=0.474 std_proxy=0.0056 n_seeds=3 time=380.67s
[2026-08-08 00:21:28] [phase] phase=search targets sens/spec/fpr=0.420/0.650/0.300
[2026-08-08 00:23:22] [thr] mode=hard viable=0/51 best t=0.5916 obj=0.5352 f2=0.2178 sens=0.1875 spec=0.8828 fpr=0.1172 | probs(min/mean/max)=0.3699/0.5179/0.6616 range=0.291629
[2026-08-08 00:23:22] [thr] logits(min/mean/max)=-0.5325/0.0727/0.6703 range=1.2028 pctl(p5/p50/p95)=-0.4118/0.0653/0.5010
[2026-08-08 00:25:20] [thr] mode=hard viable=0/51 best t=0.4537 obj=0.5547 f2=0.7163 sens=0.7812 spec=0.3281 fpr=0.6719 | probs(min/mean/max)=0.4129/0.4727/0.5405 range=0.127606
[2026-08-08 00:25:20] [thr] logits(min/mean/max)=-0.3519/-0.1095/0.1624 range=0.5144 pctl(p5/p50/p95)=-0.2721/-0.1038/0.0391
[2026-08-08 00:27:18] [thr] mode=hard viable=0/51 best t=0.5366 obj=0.5430 f2=0.6278 sens=0.6562 spec=0.4297 fpr=0.5703 | probs(min/mean/max)=0.4334/0.5590/0.7202 range=0.286807
[2026-08-08 00:27:18] [thr] logits(min/mean/max)=-0.2682/0.2406/0.9453 range=1.2134 pctl(p5/p50/p95)=-0.1553/0.2222/0.6102
[2026-08-08 00:27:22] [terminal] phase=search auc=0.4960 sens=0.1152 spec=0.8642 thr*=0.592 std_proxy=0.0123 n_seeds=3 time=354.64s
[2026-08-08 00:27:22] [phase] phase=search targets sens/spec/fpr=0.420/0.650/0.300
[2026-08-08 00:29:12] [thr] mode=hard viable=0/51 best t=0.4939 obj=0.5898 f2=0.7257 sens=0.7812 spec=0.3984 fpr=0.6016 | probs(min/mean/max)=0.4053/0.5155/0.6161 range=0.210734
[2026-08-08 00:29:12] [thr] logits(min/mean/max)=-0.3833/0.0623/0.4729 range=0.8562 pctl(p5/p50/p95)=-0.2115/0.0540/0.3279
[2026-08-08 00:31:05] [thr] mode=hard viable=0/51 best t=0.5153 obj=0.5391 f2=0.5016 sens=0.4922 spec=0.5859 fpr=0.4141 | probs(min/mean/max)=0.4370/0.5107/0.5768 range=0.139823
[2026-08-08 00:31:05] [thr] logits(min/mean/max)=-0.2533/0.0429/0.3098 range=0.5631 pctl(p5/p50/p95)=-0.1418/0.0442/0.2271
[2026-08-08 00:33:00] [thr] mode=hard viable=0/51 best t=0.5089 obj=0.5117 f2=0.7919 sens=0.9219 spec=0.1016 fpr=0.8984 | probs(min/mean/max)=0.4874/0.5270/0.5644 range=0.077059
[2026-08-08 00:33:00] [thr] logits(min/mean/max)=-0.0505/0.1080/0.2591 range=0.3097 pctl(p5/p50/p95)=0.0229/0.1106/0.1862
[2026-08-08 00:33:04] [terminal] phase=search auc=0.5408 sens=0.7063 spec=0.3498 thr*=0.494 std_proxy=0.0171 n_seeds=3 time=341.81s
[2026-08-08 00:33:04] [phase] phase=search targets sens/spec/fpr=0.420/0.650/0.300
[2026-08-08 00:34:58] [thr] mode=hard viable=0/51 best t=0.5373 obj=0.5312 f2=0.3930 sens=0.3672 spec=0.6953 fpr=0.3047 | probs(min/mean/max)=0.4183/0.5161/0.5932 range=0.174928
[2026-08-08 00:34:58] [thr] logits(min/mean/max)=-0.3298/0.0648/0.3773 range=0.7071 pctl(p5/p50/p95)=-0.1794/0.0562/0.3116
[2026-08-08 00:36:57] [thr] mode=hard viable=0/51 best t=0.4853 obj=0.5469 f2=0.5650 sens=0.5703 spec=0.5234 fpr=0.4766 | probs(min/mean/max)=0.3770/0.4861/0.5853 range=0.208279
[2026-08-08 00:36:57] [thr] logits(min/mean/max)=-0.5024/-0.0561/0.3444 range=0.8468 pctl(p5/p50/p95)=-0.3548/-0.0498/0.2474
[2026-08-08 00:38:54] [thr] mode=hard viable=0/51 best t=0.5144 obj=0.5039 f2=0.7989 sens=0.9375 spec=0.0703 fpr=0.9297 | probs(min/mean/max)=0.5034/0.5481/0.5948 range=0.091383
[2026-08-08 00:38:54] [thr] logits(min/mean/max)=0.0137/0.1933/0.3839 range=0.3702 pctl(p5/p50/p95)=0.0548/0.1890/0.3354
[2026-08-08 00:38:58] [terminal] phase=search auc=0.4967 sens=0.9703 spec=0.0370 thr*=0.514 std_proxy=0.0035 n_seeds=3 time=353.53s
[2026-08-08 00:38:58] [phase] phase=search targets sens/spec/fpr=0.420/0.650/0.300
[2026-08-08 00:40:46] [thr] mode=hard viable=0/51 best t=0.5993 obj=0.5195 f2=0.1130 sens=0.0938 spec=0.9453 fpr=0.0547 | probs(min/mean/max)=0.4515/0.5435/0.6409 range=0.189434
[2026-08-08 00:40:46] [thr] logits(min/mean/max)=-0.1946/0.1758/0.5794 range=0.7740 pctl(p5/p50/p95)=-0.0545/0.1847/0.4465
[2026-08-08 00:42:36] [thr] mode=hard viable=0/51 best t=0.4435 obj=0.5000 f2=0.8333 sens=1.0000 spec=0.0000 fpr=1.0000 | probs(min/mean/max)=0.4435/0.4771/0.5060 range=0.062504
[2026-08-08 00:42:36] [thr] logits(min/mean/max)=-0.2271/-0.0917/0.0239 range=0.2510 pctl(p5/p50/p95)=-0.1723/-0.0910/-0.0153
[2026-08-08 00:44:26] [thr] mode=hard viable=0/51 best t=0.5348 obj=0.5078 f2=0.6941 sens=0.7656 spec=0.2500 fpr=0.7500 | probs(min/mean/max)=0.4818/0.5519/0.6212 range=0.139445
[2026-08-08 00:44:26] [thr] logits(min/mean/max)=-0.0729/0.2089/0.4948 range=0.5677 pctl(p5/p50/p95)=0.0442/0.2068/0.3787
[2026-08-08 00:44:30] [terminal] phase=search auc=0.4912 sens=0.7249 spec=0.2510 thr*=0.535 std_proxy=0.0053 n_seeds=3 time=331.86s
[2026-08-08 00:44:30] [phase] phase=search targets sens/spec/fpr=0.420/0.650/0.300
[2026-08-08 00:46:25] [thr] mode=hard viable=0/51 best t=0.4946 obj=0.5234 f2=0.7332 sens=0.8203 spec=0.2266 fpr=0.7734 | probs(min/mean/max)=0.4608/0.5213/0.5816 range=0.120815
[2026-08-08 00:46:25] [thr] logits(min/mean/max)=-0.1571/0.0857/0.3294 range=0.4865 pctl(p5/p50/p95)=-0.0938/0.0744/0.2849
[2026-08-08 00:48:23] [thr] mode=hard viable=0/51 best t=0.4454 obj=0.5508 f2=0.7552 sens=0.8438 spec=0.2578 fpr=0.7422 | probs(min/mean/max)=0.3850/0.4740/0.5627 range=0.177642
[2026-08-08 00:48:23] [thr] logits(min/mean/max)=-0.4682/-0.1045/0.2520 range=0.7203 pctl(p5/p50/p95)=-0.3151/-0.0974/0.1217
[2026-08-08 00:50:24] [thr] mode=hard viable=0/51 best t=0.5399 obj=0.5273 f2=0.1402 sens=0.1172 spec=0.9375 fpr=0.0625 | probs(min/mean/max)=0.4456/0.5065/0.5697 range=0.124068
[2026-08-08 00:50:24] [thr] logits(min/mean/max)=-0.2185/0.0261/0.2805 range=0.4990 pctl(p5/p50/p95)=-0.1305/0.0282/0.1940
[2026-08-08 00:50:30] [terminal] phase=search auc=0.5546 sens=0.8290 spec=0.2016 thr*=0.445 std_proxy=0.0136 n_seeds=3 time=359.69s
[2026-08-08 00:50:30] [phase] phase=search targets sens/spec/fpr=0.420/0.650/0.300
[2026-08-08 00:52:24] [thr] mode=hard viable=0/51 best t=0.4869 obj=0.5430 f2=0.6222 sens=0.6484 spec=0.4375 fpr=0.5625 | probs(min/mean/max)=0.4357/0.4941/0.5520 range=0.116239
[2026-08-08 00:52:24] [thr] logits(min/mean/max)=-0.2584/-0.0236/0.2087 range=0.4671 pctl(p5/p50/p95)=-0.1877/-0.0289/0.1463
[2026-08-08 00:54:23] [thr] mode=hard viable=0/51 best t=0.5021 obj=0.5391 f2=0.2589 sens=0.2266 spec=0.8516 fpr=0.1484 | probs(min/mean/max)=0.4023/0.4766/0.5449 range=0.142579
[2026-08-08 00:54:23] [thr] logits(min/mean/max)=-0.3959/-0.0940/0.1800 range=0.5759 pctl(p5/p50/p95)=-0.2861/-0.0872/0.0726
[2026-08-08 00:56:23] [thr] mode=hard viable=0/51 best t=0.4820 obj=0.5117 f2=0.6259 sens=0.6641 spec=0.3594 fpr=0.6406 | probs(min/mean/max)=0.3751/0.5054/0.6296 range=0.254423
[2026-08-08 00:56:23] [thr] logits(min/mean/max)=-0.5103/0.0219/0.5303 range=1.0406 pctl(p5/p50/p95)=-0.3346/0.0219/0.3898
[2026-08-08 00:56:27] [terminal] phase=search auc=0.5227 sens=0.1450 spec=0.8148 thr*=0.502 std_proxy=0.0050 n_seeds=3 time=356.88s
[2026-08-08 00:56:27] [phase] phase=search targets sens/spec/fpr=0.420/0.650/0.300
[2026-08-08 00:58:20] [thr] mode=hard viable=0/51 best t=0.5555 obj=0.5664 f2=0.3990 sens=0.3672 spec=0.7656 fpr=0.2344 | probs(min/mean/max)=0.4634/0.5402/0.6030 range=0.139514
[2026-08-08 00:58:20] [thr] logits(min/mean/max)=-0.1465/0.1617/0.4178 range=0.5643 pctl(p5/p50/p95)=0.0012/0.1619/0.3033
[2026-08-08 01:00:19] [thr] mode=hard viable=0/51 best t=0.4759 obj=0.5156 f2=0.7163 sens=0.7969 spec=0.2344 fpr=0.7656 | probs(min/mean/max)=0.4169/0.4972/0.5723 range=0.155358
[2026-08-08 01:00:19] [thr] logits(min/mean/max)=-0.3355/-0.0113/0.2911 range=0.6266 pctl(p5/p50/p95)=-0.1983/-0.0166/0.1717
[2026-08-08 01:02:16] [thr] mode=hard viable=0/51 best t=0.5316 obj=0.5117 f2=0.3248 sens=0.2969 spec=0.7266 fpr=0.2734 | probs(min/mean/max)=0.4345/0.5131/0.5963 range=0.161809
[2026-08-08 01:02:16] [thr] logits(min/mean/max)=-0.2635/0.0525/0.3902 range=0.6536 pctl(p5/p50/p95)=-0.1523/0.0577/0.2322
[2026-08-08 01:02:21] [terminal] phase=search auc=0.5263 sens=0.2751 spec=0.7366 thr*=0.556 std_proxy=0.0216 n_seeds=3 time=354.24s
[2026-08-08 01:02:22] [phase] phase=search targets sens/spec/fpr=0.420/0.650/0.300
[2026-08-08 01:04:10] [thr] mode=hard viable=0/51 best t=0.4878 obj=0.5508 f2=0.6894 sens=0.7422 spec=0.3594 fpr=0.6406 | probs(min/mean/max)=0.3785/0.5125/0.6269 range=0.248430
[2026-08-08 01:04:10] [thr] logits(min/mean/max)=-0.4961/0.0506/0.5189 range=1.0150 pctl(p5/p50/p95)=-0.2195/0.0537/0.3374
[2026-08-08 01:06:04] [thr] mode=hard viable=0/51 best t=0.4888 obj=0.5625 f2=0.5625 sens=0.5625 spec=0.5625 fpr=0.4375 | probs(min/mean/max)=0.3631/0.4889/0.6365 range=0.273369
[2026-08-08 01:06:04] [thr] logits(min/mean/max)=-0.5619/-0.0448/0.5601 range=1.1220 pctl(p5/p50/p95)=-0.4370/-0.0448/0.3325
[2026-08-08 01:07:56] [thr] mode=hard viable=0/51 best t=0.4584 obj=0.5547 f2=0.7851 sens=0.8906 spec=0.2188 fpr=0.7812 | probs(min/mean/max)=0.4193/0.4821/0.5342 range=0.114915
[2026-08-08 01:07:56] [thr] logits(min/mean/max)=-0.3255/-0.0720/0.1372 range=0.4627 pctl(p5/p50/p95)=-0.2345/-0.0652/0.0613
[2026-08-08 01:08:01] [terminal] phase=search auc=0.5728 sens=0.8104 spec=0.2757 thr*=0.458 std_proxy=0.0309 n_seeds=3 time=339.06s
[2026-08-08 01:08:01] [phase] phase=search targets sens/spec/fpr=0.420/0.650/0.300
[2026-08-08 01:09:51] [thr] mode=hard viable=0/51 best t=0.4953 obj=0.5234 f2=0.8223 sens=0.9688 spec=0.0781 fpr=0.9219 | probs(min/mean/max)=0.4763/0.5174/0.5623 range=0.085987
[2026-08-08 01:09:51] [thr] logits(min/mean/max)=-0.0947/0.0699/0.2506 range=0.3453 pctl(p5/p50/p95)=-0.0226/0.0694/0.1561
[2026-08-08 01:11:46] [thr] mode=hard viable=0/51 best t=0.4855 obj=0.5352 f2=0.7061 sens=0.7734 spec=0.2969 fpr=0.7031 | probs(min/mean/max)=0.3964/0.5195/0.6439 range=0.247528
[2026-08-08 01:11:46] [thr] logits(min/mean/max)=-0.4205/0.0787/0.5925 range=1.0129 pctl(p5/p50/p95)=-0.2316/0.0809/0.3906
[2026-08-08 01:13:43] [thr] mode=hard viable=0/51 best t=0.4978 obj=0.5039 f2=0.8124 sens=0.9609 spec=0.0469 fpr=0.9531 | probs(min/mean/max)=0.4898/0.5417/0.5895 range=0.099625
[2026-08-08 01:13:43] [thr] logits(min/mean/max)=-0.0406/0.1674/0.3618 range=0.4024 pctl(p5/p50/p95)=-0.0034/0.1740/0.3251
[2026-08-08 01:13:47] [terminal] phase=search auc=0.5435 sens=0.9368 spec=0.0658 thr*=0.495 std_proxy=0.0164 n_seeds=3 time=346.13s
[2026-08-08 01:13:47] [phase] phase=search targets sens/spec/fpr=0.420/0.650/0.300
[2026-08-08 01:15:45] [thr] mode=hard viable=0/51 best t=0.4635 obj=0.5117 f2=0.6691 sens=0.7266 spec=0.2969 fpr=0.7031 | probs(min/mean/max)=0.4006/0.4795/0.5436 range=0.142928
[2026-08-08 01:15:45] [thr] logits(min/mean/max)=-0.4028/-0.0823/0.1747 range=0.5775 pctl(p5/p50/p95)=-0.2764/-0.0783/0.0954
[2026-08-08 01:17:48] [thr] mode=hard viable=0/51 best t=0.3959 obj=0.5195 f2=0.8300 sens=0.9844 spec=0.0547 fpr=0.9453 | probs(min/mean/max)=0.3854/0.4694/0.5597 range=0.174255
[2026-08-08 01:17:48] [thr] logits(min/mean/max)=-0.4665/-0.1235/0.2399 range=0.7064 pctl(p5/p50/p95)=-0.3951/-0.1231/0.1500
[2026-08-08 01:19:50] [thr] mode=hard viable=0/51 best t=0.5519 obj=0.5312 f2=0.2660 sens=0.2344 spec=0.8281 fpr=0.1719 | probs(min/mean/max)=0.4468/0.5277/0.5927 range=0.145977
[2026-08-08 01:19:50] [thr] logits(min/mean/max)=-0.2137/0.1113/0.3753 range=0.5891 pctl(p5/p50/p95)=-0.0675/0.1162/0.2905
[2026-08-08 01:19:56] [terminal] phase=search auc=0.5216 sens=0.2342 spec=0.8313 thr*=0.552 std_proxy=0.0200 n_seeds=3 time=368.51s
[2026-08-08 01:19:56] [phase] phase=search targets sens/spec/fpr=0.420/0.650/0.300
[2026-08-08 01:21:51] [thr] mode=hard viable=0/51 best t=0.5227 obj=0.5430 f2=0.6978 sens=0.7578 spec=0.3281 fpr=0.6719 | probs(min/mean/max)=0.4395/0.5418/0.6841 range=0.244557
[2026-08-08 01:21:51] [thr] logits(min/mean/max)=-0.2431/0.1691/0.7725 range=1.0157 pctl(p5/p50/p95)=-0.1086/0.1582/0.4172
[2026-08-08 01:23:52] [thr] mode=hard viable=0/51 best t=0.5165 obj=0.5586 f2=0.5120 sens=0.5000 spec=0.6172 fpr=0.3828 | probs(min/mean/max)=0.4711/0.5125/0.5585 range=0.087420
[2026-08-08 01:23:52] [thr] logits(min/mean/max)=-0.1158/0.0499/0.2351 range=0.3509 pctl(p5/p50/p95)=-0.0776/0.0538/0.1716
[2026-08-08 01:25:33] [terminal_evaluate][EXCEPTION] WireError: Cannot run circuit(s) on lightning.qubit as they contain wires not found on the device: {4}
[2026-08-08 01:25:33] [phase] phase=search targets sens/spec/fpr=0.420/0.650/0.300
[2026-08-08 01:25:33] [terminal_evaluate][EXCEPTION] WireError: Cannot run circuit(s) on lightning.qubit as they contain wires not found on the device: {4}
[2026-08-08 01:25:33] [phase] phase=search targets sens/spec/fpr=0.420/0.650/0.300
[2026-08-08 01:25:33] [terminal_evaluate][EXCEPTION] WireError: Cannot run circuit(s) on lightning.qubit as they contain wires not found on the device: {4}
[2026-08-08 01:25:34] [phase] phase=search targets sens/spec/fpr=0.420/0.650/0.300
[2026-08-08 01:25:34] [terminal_evaluate][EXCEPTION] WireError: Cannot run circuit(s) on lightning.qubit as they contain wires not found on the device: {4}
[2026-08-08 01:25:34] [phase] phase=search targets sens/spec/fpr=0.420/0.650/0.300
[2026-08-08 01:25:34] [terminal_evaluate][EXCEPTION] WireError: Cannot run circuit(s) on lightning.qubit as they contain wires not found on the device: {4}
[2026-08-08 01:25:34] [phase] phase=search targets sens/spec/fpr=0.420/0.650/0.300
[2026-08-08 01:25:34] [terminal_evaluate][EXCEPTION] WireError: Cannot run circuit(s) on lightning.qubit as they contain wires not found on the device: {4}
[2026-08-08 01:25:34] [phase] phase=search targets sens/spec/fpr=0.420/0.650/0.300
[2026-08-08 01:25:34] [terminal_evaluate][EXCEPTION] WireError: Cannot run circuit(s) on lightning.qubit as they contain wires not found on the device: {4}
[2026-08-08 01:25:34] [phase] phase=search targets sens/spec/fpr=0.420/0.650/0.300
[2026-08-08 01:25:34] [terminal_evaluate][EXCEPTION] WireError: Cannot run circuit(s) on lightning.qubit as they contain wires not found on the device: {4}
[2026-08-08 01:25:35] [phase] phase=search targets sens/spec/fpr=0.420/0.650/0.300
[2026-08-08 01:25:35] [terminal_evaluate][EXCEPTION] WireError: Cannot run circuit(s) on lightning.qubit as they contain wires not found on the device: {4}
[2026-08-08 01:25:35] [phase] phase=search targets sens/spec/fpr=0.420/0.650/0.300
[2026-08-08 01:25:35] [terminal_evaluate][EXCEPTION] WireError: Cannot run circuit(s) on lightning.qubit as they contain wires not found on the device: {4}
[2026-08-08 01:25:35] [phase] phase=search targets sens/spec/fpr=0.420/0.650/0.300
[2026-08-08 01:25:35] [terminal_evaluate][EXCEPTION] WireError: Cannot run circuit(s) on lightning.qubit as they contain wires not found on the device: {4}
[2026-08-08 01:25:35] [phase] phase=search targets sens/spec/fpr=0.420/0.650/0.300
[2026-08-08 01:27:29] [thr] mode=hard viable=0/51 best t=0.5143 obj=0.5039 f2=0.1645 sens=0.1406 spec=0.8672 fpr=0.1328 | probs(min/mean/max)=0.3951/0.4803/0.5874 range=0.192277
[2026-08-08 01:27:29] [thr] logits(min/mean/max)=-0.4260/-0.0792/0.3531 range=0.7791 pctl(p5/p50/p95)=-0.2724/-0.0801/0.1393
[2026-08-08 01:29:32] [thr] mode=hard viable=0/51 best t=0.6151 obj=0.5117 f2=0.0291 sens=0.0234 spec=1.0000 fpr=0.0000 | probs(min/mean/max)=0.3887/0.5189/0.6347 range=0.246008
[2026-08-08 01:29:32] [thr] logits(min/mean/max)=-0.4527/0.0760/0.5526 range=1.0053 pctl(p5/p50/p95)=-0.2234/0.0859/0.3668
[2026-08-08 01:31:34] [thr] mode=hard viable=0/51 best t=0.4362 obj=0.5234 f2=0.8178 sens=0.9609 spec=0.0859 fpr=0.9141 | probs(min/mean/max)=0.4048/0.5033/0.6292 range=0.224494
[2026-08-08 01:31:34] [thr] logits(min/mean/max)=-0.3857/0.0134/0.5290 range=0.9147 pctl(p5/p50/p95)=-0.2640/0.0102/0.3076
[2026-08-08 01:31:40] [terminal] phase=search auc=0.5152 sens=0.1747 spec=0.8560 thr*=0.514 std_proxy=0.0149 n_seeds=3 time=364.24s
[2026-08-08 01:31:40] [phase] phase=search targets sens/spec/fpr=0.420/0.650/0.300
[2026-08-08 01:31:40] [terminal_evaluate][EXCEPTION] WireError: Cannot run circuit(s) on lightning.qubit as they contain wires not found on the device: {4}
[2026-08-08 01:31:40] [phase] phase=search targets sens/spec/fpr=0.420/0.650/0.300
[2026-08-08 01:31:40] [terminal_evaluate][EXCEPTION] WireError: Cannot run circuit(s) on lightning.qubit as they contain wires not found on the device: {4}
[2026-08-08 01:31:40] [phase] phase=search targets sens/spec/fpr=0.420/0.650/0.300
[2026-08-08 01:31:40] [terminal_evaluate][EXCEPTION] WireError: Cannot run circuit(s) on lightning.qubit as they contain wires not found on the device: {4}
[2026-08-08 01:31:40] [phase] phase=search targets sens/spec/fpr=0.420/0.650/0.300
[2026-08-08 01:33:39] [thr] mode=hard viable=0/51 best t=0.5281 obj=0.5625 f2=0.6765 sens=0.7188 spec=0.4062 fpr=0.5938 | probs(min/mean/max)=0.4374/0.5443/0.6534 range=0.215997
[2026-08-08 01:33:39] [thr] logits(min/mean/max)=-0.2517/0.1791/0.6340 range=0.8857 pctl(p5/p50/p95)=-0.1417/0.1846/0.4688
[2026-08-08 01:35:43] [thr] mode=hard viable=0/51 best t=0.5697 obj=0.5430 f2=0.2832 sens=0.2500 spec=0.8359 fpr=0.1641 | probs(min/mean/max)=0.4044/0.5237/0.6549 range=0.250452
[2026-08-08 01:35:43] [thr] logits(min/mean/max)=-0.3871/0.0960/0.6405 range=1.0276 pctl(p5/p50/p95)=-0.2208/0.0986/0.4592
[2026-08-08 01:37:43] [thr] mode=hard viable=0/51 best t=0.5904 obj=0.5195 f2=0.0578 sens=0.0469 spec=0.9922 fpr=0.0078 | probs(min/mean/max)=0.3787/0.4997/0.6308 range=0.252062
[2026-08-08 01:37:43] [thr] logits(min/mean/max)=-0.4950/-0.0011/0.5355 range=1.0306 pctl(p5/p50/p95)=-0.3152/-0.0131/0.3216
[2026-08-08 01:37:47] [terminal] phase=search auc=0.5210 sens=0.0372 spec=0.9671 thr*=0.590 std_proxy=0.0102 n_seeds=3 time=367.17s
[2026-08-08 01:37:48] [phase] phase=search targets sens/spec/fpr=0.420/0.650/0.300
[2026-08-08 01:37:48] [terminal_evaluate][EXCEPTION] WireError: Cannot run circuit(s) on lightning.qubit as they contain wires not found on the device: {4}
[2026-08-08 01:37:48] [phase] phase=search targets sens/spec/fpr=0.420/0.650/0.300
[2026-08-08 01:37:48] [terminal_evaluate][EXCEPTION] WireError: Cannot run circuit(s) on lightning.qubit as they contain wires not found on the device: {4}
[2026-08-08 01:37:48] [phase] phase=search targets sens/spec/fpr=0.420/0.650/0.300
[2026-08-08 01:37:48] [terminal_evaluate][EXCEPTION] WireError: Cannot run circuit(s) on lightning.qubit as they contain wires not found on the device: {4}
[2026-08-08 01:37:48] [phase] phase=search targets sens/spec/fpr=0.420/0.650/0.300
[2026-08-08 01:39:35] [thr] mode=hard viable=0/51 best t=0.4604 obj=0.5117 f2=0.7448 sens=0.8438 spec=0.1797 fpr=0.8203 | probs(min/mean/max)=0.3860/0.5048/0.6048 range=0.218808
[2026-08-08 01:39:35] [thr] logits(min/mean/max)=-0.4640/0.0194/0.4257 range=0.8897 pctl(p5/p50/p95)=-0.2661/0.0124/0.2882
[2026-08-08 01:41:27] [thr] mode=hard viable=0/51 best t=0.4687 obj=0.5195 f2=0.5164 sens=0.5156 spec=0.5234 fpr=0.4766 | probs(min/mean/max)=0.3948/0.4698/0.5555 range=0.160651
[2026-08-08 01:41:27] [thr] logits(min/mean/max)=-0.4272/-0.1214/0.2227 range=0.6499 pctl(p5/p50/p95)=-0.3475/-0.1283/0.1179
[2026-08-08 01:43:18] [thr] mode=hard viable=0/51 best t=0.4885 obj=0.5430 f2=0.5936 sens=0.6094 spec=0.4766 fpr=0.5234 | probs(min/mean/max)=0.3922/0.4994/0.6111 range=0.218827
[2026-08-08 01:43:18] [thr] logits(min/mean/max)=-0.4379/-0.0026/0.4518 range=0.8897 pctl(p5/p50/p95)=-0.2986/-0.0065/0.2802
[2026-08-08 01:43:22] [terminal] phase=search auc=0.5773 sens=0.9108 spec=0.1893 thr*=0.460 std_proxy=0.0460 n_seeds=3 time=334.33s
[2026-08-08 01:43:23] [phase] phase=search targets sens/spec/fpr=0.420/0.650/0.300
[2026-08-08 01:43:23] [terminal_evaluate][EXCEPTION] WireError: Cannot run circuit(s) on lightning.qubit as they contain wires not found on the device: {4}
[2026-08-08 01:43:23] [phase] phase=search targets sens/spec/fpr=0.420/0.650/0.300
[2026-08-08 01:45:18] [thr] mode=hard viable=0/51 best t=0.5043 obj=0.5234 f2=0.5775 sens=0.5938 spec=0.4531 fpr=0.5469 | probs(min/mean/max)=0.4357/0.5083/0.5785 range=0.142728
[2026-08-08 01:45:18] [thr] logits(min/mean/max)=-0.2585/0.0331/0.3165 range=0.5750 pctl(p5/p50/p95)=-0.1834/0.0352/0.2489
[2026-08-08 01:47:19] [thr] mode=hard viable=0/51 best t=0.4840 obj=0.5273 f2=0.8054 sens=0.9375 spec=0.1172 fpr=0.8828 | probs(min/mean/max)=0.4502/0.5257/0.5910 range=0.140824
[2026-08-08 01:47:19] [thr] logits(min/mean/max)=-0.2000/0.1034/0.3680 range=0.5681 pctl(p5/p50/p95)=-0.0785/0.1095/0.2908
[2026-08-08 01:49:16] [thr] mode=hard viable=0/51 best t=0.5614 obj=0.5352 f2=0.2664 sens=0.2344 spec=0.8359 fpr=0.1641 | probs(min/mean/max)=0.3821/0.5096/0.6382 range=0.256177
[2026-08-08 01:49:16] [thr] logits(min/mean/max)=-0.4808/0.0389/0.5677 range=1.0485 pctl(p5/p50/p95)=-0.3685/0.0425/0.4367
[2026-08-08 01:49:21] [terminal] phase=search auc=0.5428 sens=0.9368 spec=0.0905 thr*=0.484 std_proxy=0.0173 n_seeds=3 time=357.85s
[2026-08-08 01:49:21] [phase] phase=search targets sens/spec/fpr=0.420/0.650/0.300
[2026-08-08 01:49:21] [terminal_evaluate][EXCEPTION] WireError: Cannot run circuit(s) on lightning.qubit as they contain wires not found on the device: {4}
[2026-08-08 01:49:21] [phase] phase=search targets sens/spec/fpr=0.420/0.650/0.300
[2026-08-08 01:49:21] [terminal_evaluate][EXCEPTION] WireError: Cannot run circuit(s) on lightning.qubit as they contain wires not found on the device: {4}
[2026-08-08 01:49:21] [phase] phase=search targets sens/spec/fpr=0.420/0.650/0.300
[2026-08-08 01:49:21] [terminal_evaluate][EXCEPTION] WireError: Cannot run circuit(s) on lightning.qubit as they contain wires not found on the device: {4}
[2026-08-08 01:49:21] [phase] phase=search targets sens/spec/fpr=0.420/0.650/0.300
[2026-08-08 01:49:21] [terminal_evaluate][EXCEPTION] WireError: Cannot run circuit(s) on lightning.qubit as they contain wires not found on the device: {4}
[2026-08-08 01:49:22] [phase] phase=search targets sens/spec/fpr=0.420/0.650/0.300
[2026-08-08 01:49:22] [terminal_evaluate][EXCEPTION] WireError: Cannot run circuit(s) on lightning.qubit as they contain wires not found on the device: {4}
[2026-08-08 01:49:22] [phase] phase=search targets sens/spec/fpr=0.420/0.650/0.300
[2026-08-08 01:49:22] [terminal_evaluate][EXCEPTION] WireError: Cannot run circuit(s) on lightning.qubit as they contain wires not found on the device: {4}
[2026-08-08 01:49:22] [phase] phase=search targets sens/spec/fpr=0.420/0.650/0.300
[2026-08-08 01:49:22] [terminal_evaluate][EXCEPTION] WireError: Cannot run circuit(s) on lightning.qubit as they contain wires not found on the device: {4}
[2026-08-08 01:49:22] [phase] phase=search targets sens/spec/fpr=0.420/0.650/0.300
[2026-08-08 01:49:22] [terminal_evaluate][EXCEPTION] WireError: Cannot run circuit(s) on lightning.qubit as they contain wires not found on the device: {4}
[2026-08-08 01:49:22] [phase] phase=search targets sens/spec/fpr=0.420/0.650/0.300
[2026-08-08 01:49:22] [terminal_evaluate][EXCEPTION] WireError: Cannot run circuit(s) on lightning.qubit as they contain wires not found on the device: {4}
[2026-08-08 01:49:23] [phase] phase=search targets sens/spec/fpr=0.420/0.650/0.300
[2026-08-08 01:49:23] [terminal_evaluate][EXCEPTION] WireError: Cannot run circuit(s) on lightning.qubit as they contain wires not found on the device: {4}
[2026-08-08 01:49:23] [phase] phase=search targets sens/spec/fpr=0.420/0.650/0.300
[2026-08-08 01:49:23] [terminal_evaluate][EXCEPTION] WireError: Cannot run circuit(s) on lightning.qubit as they contain wires not found on the device: {4}
[2026-08-08 01:49:23] [phase] phase=search targets sens/spec/fpr=0.420/0.650/0.300
[2026-08-08 01:49:23] [terminal_evaluate][EXCEPTION] WireError: Cannot run circuit(s) on lightning.qubit as they contain wires not found on the device: {4}
[2026-08-08 01:49:23] [phase] phase=search targets sens/spec/fpr=0.420/0.650/0.300
[2026-08-08 01:49:23] [terminal_evaluate][EXCEPTION] WireError: Cannot run circuit(s) on lightning.qubit as they contain wires not found on the device: {4}
[2026-08-08 01:49:23] [phase] phase=search targets sens/spec/fpr=0.420/0.650/0.300
[2026-08-08 01:49:23] [terminal_evaluate][EXCEPTION] WireError: Cannot run circuit(s) on lightning.qubit as they contain wires not found on the device: {4}
[2026-08-08 01:49:23] [phase] phase=search targets sens/spec/fpr=0.420/0.650/0.300
[2026-08-08 01:49:23] [terminal_evaluate][EXCEPTION] WireError: Cannot run circuit(s) on lightning.qubit as they contain wires not found on the device: {4}
[2026-08-08 01:49:24] [phase] phase=search targets sens/spec/fpr=0.420/0.650/0.300
[2026-08-08 01:49:24] [terminal_evaluate][EXCEPTION] WireError: Cannot run circuit(s) on lightning.qubit as they contain wires not found on the device: {4}
[2026-08-08 01:49:24] [phase] phase=search targets sens/spec/fpr=0.420/0.650/0.300
[2026-08-08 01:49:24] [terminal_evaluate][EXCEPTION] WireError: Cannot run circuit(s) on lightning.qubit as they contain wires not found on the device: {4}
[2026-08-08 01:49:24] [phase] phase=search targets sens/spec/fpr=0.420/0.650/0.300
[2026-08-08 01:51:16] [thr] mode=hard viable=0/51 best t=0.4865 obj=0.5156 f2=0.6753 sens=0.7344 spec=0.2969 fpr=0.7031 | probs(min/mean/max)=0.3753/0.5282/0.6680 range=0.292697
[2026-08-08 01:51:16] [thr] logits(min/mean/max)=-0.5097/0.1149/0.6990 range=1.2087 pctl(p5/p50/p95)=-0.3137/0.1263/0.5472
[2026-08-08 01:53:12] [thr] mode=hard viable=0/51 best t=0.4214 obj=0.5391 f2=0.7020 sens=0.7656 spec=0.3125 fpr=0.6875 | probs(min/mean/max)=0.3067/0.4598/0.6085 range=0.301739
[2026-08-08 01:53:12] [thr] logits(min/mean/max)=-0.8154/-0.1634/0.4409 range=1.2563 pctl(p5/p50/p95)=-0.5746/-0.1710/0.2599
[2026-08-08 01:55:09] [thr] mode=hard viable=0/51 best t=0.5165 obj=0.5078 f2=0.2941 sens=0.2656 spec=0.7500 fpr=0.2500 | probs(min/mean/max)=0.3794/0.4815/0.5936 range=0.214252
[2026-08-08 01:55:09] [thr] logits(min/mean/max)=-0.4922/-0.0748/0.3790 range=0.8712 pctl(p5/p50/p95)=-0.3755/-0.0872/0.2365
[2026-08-08 01:55:13] [terminal] phase=search auc=0.5197 sens=0.7807 spec=0.2634 thr*=0.421 std_proxy=0.0190 n_seeds=3 time=348.89s
[2026-08-08 01:55:13] [phase] phase=search targets sens/spec/fpr=0.420/0.650/0.300
[2026-08-08 01:57:06] [thr] mode=hard viable=0/51 best t=0.5116 obj=0.5469 f2=0.5887 sens=0.6016 spec=0.4922 fpr=0.5078 | probs(min/mean/max)=0.4432/0.5148/0.5747 range=0.131509
[2026-08-08 01:57:06] [thr] logits(min/mean/max)=-0.2282/0.0592/0.3011 range=0.5293 pctl(p5/p50/p95)=-0.0936/0.0585/0.2137
[2026-08-08 01:59:02] [thr] mode=hard viable=0/51 best t=0.5214 obj=0.5352 f2=0.4486 sens=0.4297 spec=0.6406 fpr=0.3594 | probs(min/mean/max)=0.4653/0.5147/0.5588 range=0.093478
[2026-08-08 01:59:02] [thr] logits(min/mean/max)=-0.1389/0.0588/0.2363 range=0.3752 pctl(p5/p50/p95)=-0.0750/0.0645/0.1901
[2026-08-08 02:01:00] [thr] mode=hard viable=0/51 best t=0.5614 obj=0.5273 f2=0.2334 sens=0.2031 spec=0.8516 fpr=0.1484 | probs(min/mean/max)=0.4303/0.5312/0.6124 range=0.182160
[2026-08-08 02:01:00] [thr] logits(min/mean/max)=-0.2807/0.1256/0.4576 range=0.7383 pctl(p5/p50/p95)=-0.0963/0.1315/0.3382
[2026-08-08 02:01:04] [terminal] phase=search auc=0.4945 sens=0.1970 spec=0.8477 thr*=0.561 std_proxy=0.0229 n_seeds=3 time=351.39s
[2026-08-08 02:01:05] [phase] phase=search targets sens/spec/fpr=0.420/0.650/0.300
[2026-08-08 02:02:59] [thr] mode=hard viable=0/51 best t=0.5872 obj=0.5039 f2=0.0290 sens=0.0234 spec=0.9844 fpr=0.0156 | probs(min/mean/max)=0.4327/0.5179/0.5971 range=0.164428
[2026-08-08 02:02:59] [thr] logits(min/mean/max)=-0.2709/0.0719/0.3935 range=0.6644 pctl(p5/p50/p95)=-0.1816/0.0818/0.3216
[2026-08-08 02:04:57] [thr] mode=hard viable=0/51 best t=0.4270 obj=0.5742 f2=0.7810 sens=0.8750 spec=0.2734 fpr=0.7266 | probs(min/mean/max)=0.3745/0.4661/0.5620 range=0.187472
[2026-08-08 02:04:57] [thr] logits(min/mean/max)=-0.5130/-0.1367/0.2491 range=0.7621 pctl(p5/p50/p95)=-0.4126/-0.1450/0.1377
[2026-08-08 02:06:54] [thr] mode=hard viable=0/51 best t=0.5096 obj=0.5195 f2=0.6388 sens=0.6797 spec=0.3594 fpr=0.6406 | probs(min/mean/max)=0.4894/0.5155/0.5426 range=0.053185
[2026-08-08 02:06:54] [thr] logits(min/mean/max)=-0.0425/0.0620/0.1706 range=0.2132 pctl(p5/p50/p95)=-0.0156/0.0644/0.1336
[2026-08-08 02:06:59] [terminal] phase=search auc=0.4979 sens=0.7584 spec=0.2510 thr*=0.427 std_proxy=0.0091 n_seeds=3 time=353.92s
[2026-08-08 02:06:59] [phase] phase=search targets sens/spec/fpr=0.420/0.650/0.300
[2026-08-08 02:08:45] [thr] mode=hard viable=0/51 best t=0.5494 obj=0.5625 f2=0.2936 sens=0.2578 spec=0.8672 fpr=0.1328 | probs(min/mean/max)=0.3637/0.4992/0.6290 range=0.265232
[2026-08-08 02:08:45] [thr] logits(min/mean/max)=-0.5592/-0.0032/0.5278 range=1.0870 pctl(p5/p50/p95)=-0.3458/-0.0113/0.3620
[2026-08-08 02:10:36] [thr] mode=hard viable=0/51 best t=0.5007 obj=0.5312 f2=0.4412 sens=0.4219 spec=0.6406 fpr=0.3594 | probs(min/mean/max)=0.3991/0.4924/0.5743 range=0.175199
[2026-08-08 02:10:36] [thr] logits(min/mean/max)=-0.4092/-0.0305/0.2994 range=0.7086 pctl(p5/p50/p95)=-0.2718/-0.0233/0.1795
[2026-08-08 02:12:26] [thr] mode=hard viable=0/51 best t=0.4180 obj=0.5000 f2=0.8333 sens=1.0000 spec=0.0000 fpr=1.0000 | probs(min/mean/max)=0.4180/0.5139/0.6093 range=0.191350
[2026-08-08 02:12:26] [thr] logits(min/mean/max)=-0.3310/0.0559/0.4446 range=0.7756 pctl(p5/p50/p95)=-0.2088/0.0597/0.3147
[2026-08-08 02:12:31] [terminal] phase=search auc=0.5008 sens=0.4312 spec=0.5885 thr*=0.501 std_proxy=0.0049 n_seeds=3 time=331.89s
[2026-08-08 02:12:31] [phase] phase=search targets sens/spec/fpr=0.420/0.650/0.300
[2026-08-08 02:14:25] [thr] mode=hard viable=0/51 best t=0.5321 obj=0.5352 f2=0.2011 sens=0.1719 spec=0.8984 fpr=0.1016 | probs(min/mean/max)=0.4097/0.4938/0.5846 range=0.174836
[2026-08-08 02:14:25] [thr] logits(min/mean/max)=-0.3651/-0.0251/0.3416 range=0.7066 pctl(p5/p50/p95)=-0.2231/-0.0329/0.1891
[2026-08-08 02:16:22] [thr] mode=hard viable=0/51 best t=0.5179 obj=0.5391 f2=0.3287 sens=0.2969 spec=0.7812 fpr=0.2188 | probs(min/mean/max)=0.3598/0.4830/0.5923 range=0.232421
[2026-08-08 02:16:22] [thr] logits(min/mean/max)=-0.5761/-0.0689/0.3733 range=0.9494 pctl(p5/p50/p95)=-0.4115/-0.0796/0.2863
[2026-08-08 02:18:20] [thr] mode=hard viable=0/51 best t=0.4872 obj=0.5273 f2=0.4538 sens=0.4375 spec=0.6172 fpr=0.3828 | probs(min/mean/max)=0.4331/0.4837/0.5372 range=0.104074
[2026-08-08 02:18:20] [thr] logits(min/mean/max)=-0.2692/-0.0654/0.1490 range=0.4182 pctl(p5/p50/p95)=-0.2060/-0.0668/0.0644
[2026-08-08 02:18:25] [terminal] phase=search auc=0.5178 sens=0.4461 spec=0.6379 thr*=0.487 std_proxy=0.0169 n_seeds=3 time=353.78s
[2026-08-08 02:18:25] [phase] phase=search targets sens/spec/fpr=0.420/0.650/0.300
[2026-08-08 02:20:18] [thr] mode=hard viable=0/51 best t=0.5001 obj=0.5703 f2=0.4348 sens=0.4062 spec=0.7344 fpr=0.2656 | probs(min/mean/max)=0.3931/0.4869/0.5603 range=0.167174
[2026-08-08 02:20:18] [thr] logits(min/mean/max)=-0.4343/-0.0525/0.2423 range=0.6766 pctl(p5/p50/p95)=-0.2611/-0.0501/0.1691
[2026-08-08 02:22:15] [thr] mode=hard viable=0/51 best t=0.5285 obj=0.5352 f2=0.3431 sens=0.3125 spec=0.7578 fpr=0.2422 | probs(min/mean/max)=0.3469/0.5027/0.6306 range=0.283760
[2026-08-08 02:22:15] [thr] logits(min/mean/max)=-0.6328/0.0106/0.5349 range=1.1677 pctl(p5/p50/p95)=-0.3431/0.0214/0.3237
[2026-08-08 02:23:41] [terminal_evaluate][EXCEPTION] WireError: Cannot run circuit(s) on lightning.qubit as they contain wires not found on the device: {4}
[2026-08-08 02:23:41] [phase] phase=search targets sens/spec/fpr=0.420/0.650/0.300
[2026-08-08 02:23:41] [terminal_evaluate][EXCEPTION] WireError: Cannot run circuit(s) on lightning.qubit as they contain wires not found on the device: {4}
[2026-08-08 02:23:41] [phase] phase=search targets sens/spec/fpr=0.420/0.650/0.300
[2026-08-08 02:23:41] [terminal_evaluate][EXCEPTION] WireError: Cannot run circuit(s) on lightning.qubit as they contain wires not found on the device: {4}
[2026-08-08 02:23:42] [phase] phase=search targets sens/spec/fpr=0.420/0.650/0.300
[2026-08-08 02:23:42] [terminal_evaluate][EXCEPTION] WireError: Cannot run circuit(s) on lightning.qubit as they contain wires not found on the device: {4}
[2026-08-08 02:23:42] [phase] phase=search targets sens/spec/fpr=0.420/0.650/0.300
[2026-08-08 02:23:42] [terminal_evaluate][EXCEPTION] WireError: Cannot run circuit(s) on lightning.qubit as they contain wires not found on the device: {4}
[2026-08-08 02:23:42] [phase] phase=search targets sens/spec/fpr=0.420/0.650/0.300
[2026-08-08 02:23:42] [terminal_evaluate][EXCEPTION] WireError: Cannot run circuit(s) on lightning.qubit as they contain wires not found on the device: {4}
[2026-08-08 02:23:42] [phase] phase=search targets sens/spec/fpr=0.420/0.650/0.300
[2026-08-08 02:23:42] [terminal_evaluate][EXCEPTION] WireError: Cannot run circuit(s) on lightning.qubit as they contain wires not found on the device: {4}
[2026-08-08 02:23:42] [phase] phase=search targets sens/spec/fpr=0.420/0.650/0.300
[2026-08-08 02:25:38] [thr] mode=hard viable=0/51 best t=0.4529 obj=0.5039 f2=0.7428 sens=0.8438 spec=0.1641 fpr=0.8359 | probs(min/mean/max)=0.4098/0.4710/0.5367 range=0.126929
[2026-08-08 02:25:38] [thr] logits(min/mean/max)=-0.3649/-0.1162/0.1471 range=0.5120 pctl(p5/p50/p95)=-0.2440/-0.1160/-0.0016
[2026-08-08 02:27:40] [thr] mode=hard viable=0/51 best t=0.4863 obj=0.5078 f2=0.8045 sens=0.9453 spec=0.0703 fpr=0.9297 | probs(min/mean/max)=0.4545/0.5129/0.5680 range=0.113428
[2026-08-08 02:27:40] [thr] logits(min/mean/max)=-0.1823/0.0515/0.2736 range=0.4559 pctl(p5/p50/p95)=-0.0618/0.0564/0.1718
[2026-08-08 02:29:41] [thr] mode=hard viable=0/51 best t=0.4341 obj=0.5391 f2=0.8041 sens=0.9297 spec=0.1484 fpr=0.8516 | probs(min/mean/max)=0.3737/0.4895/0.5895 range=0.215859
[2026-08-08 02:29:41] [thr] logits(min/mean/max)=-0.5165/-0.0426/0.3620 range=0.8785 pctl(p5/p50/p95)=-0.3370/-0.0330/0.2146
[2026-08-08 02:29:47] [terminal] phase=search auc=0.5170 sens=0.8699 spec=0.1235 thr*=0.453 std_proxy=0.0029 n_seeds=3 time=364.82s
[2026-08-08 02:29:47] [phase] phase=search targets sens/spec/fpr=0.420/0.650/0.300
[2026-08-08 02:31:41] [thr] mode=hard viable=0/51 best t=0.5872 obj=0.5156 f2=0.0856 sens=0.0703 spec=0.9609 fpr=0.0391 | probs(min/mean/max)=0.4215/0.5148/0.6235 range=0.201982
[2026-08-08 02:31:41] [thr] logits(min/mean/max)=-0.3164/0.0599/0.5045 range=0.8210 pctl(p5/p50/p95)=-0.2026/0.0553/0.3587
[2026-08-08 02:33:42] [thr] mode=hard viable=0/51 best t=0.4721 obj=0.5156 f2=0.8245 sens=0.9766 spec=0.0547 fpr=0.9453 | probs(min/mean/max)=0.4583/0.4887/0.5156 range=0.057304
[2026-08-08 02:33:42] [thr] logits(min/mean/max)=-0.1671/-0.0451/0.0626 range=0.2296 pctl(p5/p50/p95)=-0.1041/-0.0461/0.0245
[2026-08-08 02:35:41] [thr] mode=hard viable=0/51 best t=0.5431 obj=0.5469 f2=0.3741 sens=0.3438 spec=0.7500 fpr=0.2500 | probs(min/mean/max)=0.4706/0.5291/0.5805 range=0.109856
[2026-08-08 02:35:41] [thr] logits(min/mean/max)=-0.1177/0.1169/0.3247 range=0.4424 pctl(p5/p50/p95)=-0.0300/0.1151/0.2487
[2026-08-08 02:35:46] [terminal] phase=search auc=0.5343 sens=0.0520 spec=0.9506 thr*=0.587 std_proxy=0.0136 n_seeds=3 time=358.63s
[2026-08-08 02:35:46] [phase] phase=search targets sens/spec/fpr=0.420/0.650/0.300
[2026-08-08 02:37:41] [thr] mode=hard viable=0/51 best t=0.3910 obj=0.5625 f2=0.7873 sens=0.8906 spec=0.2344 fpr=0.7656 | probs(min/mean/max)=0.3147/0.4551/0.6330 range=0.318309
[2026-08-08 02:37:41] [thr] logits(min/mean/max)=-0.7784/-0.1828/0.5450 range=1.3234 pctl(p5/p50/p95)=-0.5758/-0.1844/0.2385
[2026-08-08 02:39:44] [thr] mode=hard viable=0/51 best t=0.4759 obj=0.5469 f2=0.4027 sens=0.3750 spec=0.7188 fpr=0.2812 | probs(min/mean/max)=0.3998/0.4685/0.6001 range=0.200338
[2026-08-08 02:39:44] [thr] logits(min/mean/max)=-0.4063/-0.1266/0.4060 range=0.8123 pctl(p5/p50/p95)=-0.3257/-0.1585/0.1739
[2026-08-08 02:41:44] [thr] mode=hard viable=0/51 best t=0.5111 obj=0.5586 f2=0.4395 sens=0.4141 spec=0.7031 fpr=0.2969 | probs(min/mean/max)=0.3700/0.4969/0.5905 range=0.220564
[2026-08-08 02:41:44] [thr] logits(min/mean/max)=-0.5323/-0.0125/0.3662 range=0.8985 pctl(p5/p50/p95)=-0.2606/-0.0123/0.2370
[2026-08-08 02:41:50] [terminal] phase=search auc=0.5217 sens=0.5056 spec=0.5391 thr*=0.476 std_proxy=0.0108 n_seeds=3 time=363.70s
[2026-08-08 02:41:50] [phase] phase=search targets sens/spec/fpr=0.420/0.650/0.300
[2026-08-08 02:41:50] [terminal_evaluate][EXCEPTION] WireError: Cannot run circuit(s) on lightning.qubit as they contain wires not found on the device: {4}
[2026-08-08 02:41:50] [phase] phase=search targets sens/spec/fpr=0.420/0.650/0.300
[2026-08-08 02:43:47] [thr] mode=hard viable=0/51 best t=0.4539 obj=0.5508 f2=0.6788 sens=0.7266 spec=0.3750 fpr=0.6250 | probs(min/mean/max)=0.3844/0.4763/0.5581 range=0.173757
[2026-08-08 02:43:47] [thr] logits(min/mean/max)=-0.4711/-0.0952/0.2335 range=0.7046 pctl(p5/p50/p95)=-0.3334/-0.1136/0.1740
[2026-08-08 02:45:52] [thr] mode=hard viable=0/51 best t=0.4838 obj=0.5273 f2=0.6623 sens=0.7109 spec=0.3438 fpr=0.6562 | probs(min/mean/max)=0.4257/0.5026/0.5964 range=0.170683
[2026-08-08 02:45:52] [thr] logits(min/mean/max)=-0.2993/0.0104/0.3905 range=0.6898 pctl(p5/p50/p95)=-0.2290/0.0084/0.2667
[2026-08-08 02:47:54] [thr] mode=hard viable=0/51 best t=0.4391 obj=0.5234 f2=0.8178 sens=0.9609 spec=0.0859 fpr=0.9141 | probs(min/mean/max)=0.4125/0.5074/0.6025 range=0.189975
[2026-08-08 02:47:54] [thr] logits(min/mean/max)=-0.3536/0.0298/0.4158 range=0.7694 pctl(p5/p50/p95)=-0.2593/0.0601/0.2895
[2026-08-08 02:47:57] [terminal] phase=search auc=0.5422 sens=0.7472 spec=0.2757 thr*=0.454 std_proxy=0.0169 n_seeds=3 time=366.95s
[2026-08-08 02:47:57] [phase] phase=search targets sens/spec/fpr=0.420/0.650/0.300
[2026-08-08 02:47:58] [terminal_evaluate][EXCEPTION] ValueError: ops operation RY(0.9364995360374451, wires=[0]) must occur prior to measurements. Please place earlier in the queue.
[2026-08-08 02:47:58] [phase] phase=search targets sens/spec/fpr=0.420/0.650/0.300
[2026-08-08 02:49:55] [thr] mode=hard viable=0/51 best t=0.4604 obj=0.5469 f2=0.7040 sens=0.7656 spec=0.3281 fpr=0.6719 | probs(min/mean/max)=0.4323/0.4730/0.5150 range=0.082741
[2026-08-08 02:49:55] [thr] logits(min/mean/max)=-0.2726/-0.1084/0.0600 range=0.3327 pctl(p5/p50/p95)=-0.2259/-0.1093/0.0130
[2026-08-08 02:51:57] [thr] mode=hard viable=0/51 best t=0.5039 obj=0.5469 f2=0.5945 sens=0.6094 spec=0.4844 fpr=0.5156 | probs(min/mean/max)=0.4409/0.5063/0.5621 range=0.121185
[2026-08-08 02:51:57] [thr] logits(min/mean/max)=-0.2376/0.0254/0.2495 range=0.4871 pctl(p5/p50/p95)=-0.1523/0.0289/0.1823
[2026-08-08 02:53:57] [thr] mode=hard viable=0/51 best t=0.5306 obj=0.5430 f2=0.6926 sens=0.7500 spec=0.3359 fpr=0.6641 | probs(min/mean/max)=0.4686/0.5518/0.6318 range=0.163264
[2026-08-08 02:53:57] [thr] logits(min/mean/max)=-0.1259/0.2091/0.5401 range=0.6660 pctl(p5/p50/p95)=-0.0477/0.2168/0.4490
[2026-08-08 02:54:03] [terminal] phase=search auc=0.5157 sens=0.7175 spec=0.3169 thr*=0.460 std_proxy=0.0203 n_seeds=3 time=364.49s
[2026-08-08 02:54:03] [phase] phase=search targets sens/spec/fpr=0.420/0.650/0.300
[2026-08-08 02:55:53] [thr] mode=hard viable=0/51 best t=0.4815 obj=0.5703 f2=0.6622 sens=0.6953 spec=0.4453 fpr=0.5547 | probs(min/mean/max)=0.4097/0.4916/0.5658 range=0.156117
[2026-08-08 02:55:53] [thr] logits(min/mean/max)=-0.3651/-0.0337/0.2649 range=0.6300 pctl(p5/p50/p95)=-0.2749/-0.0370/0.1832
[2026-08-08 02:57:47] [thr] mode=hard viable=0/51 best t=0.4621 obj=0.5508 f2=0.6127 sens=0.6328 spec=0.4688 fpr=0.5312 | probs(min/mean/max)=0.3826/0.4731/0.5719 range=0.189373
[2026-08-08 02:57:47] [thr] logits(min/mean/max)=-0.4787/-0.1084/0.2898 range=0.7684 pctl(p5/p50/p95)=-0.3800/-0.1064/0.1640
[2026-08-08 02:59:43] [thr] mode=hard viable=0/51 best t=0.5206 obj=0.5039 f2=0.5436 sens=0.5547 spec=0.4531 fpr=0.5469 | probs(min/mean/max)=0.3991/0.5243/0.6523 range=0.253246
[2026-08-08 02:59:43] [thr] logits(min/mean/max)=-0.4094/0.0983/0.6292 range=1.0386 pctl(p5/p50/p95)=-0.1939/0.1039/0.4001
[2026-08-08 02:59:49] [terminal] phase=search auc=0.5186 sens=0.5130 spec=0.4938 thr*=0.521 std_proxy=0.0094 n_seeds=3 time=345.97s
[2026-08-08 02:59:49] [phase] phase=search targets sens/spec/fpr=0.420/0.650/0.300
[2026-08-08 03:01:46] [thr] mode=hard viable=0/51 best t=0.4704 obj=0.5742 f2=0.5651 sens=0.5625 spec=0.5859 fpr=0.4141 | probs(min/mean/max)=0.3512/0.4725/0.5896 range=0.238402
[2026-08-08 03:01:46] [thr] logits(min/mean/max)=-0.6139/-0.1109/0.3622 range=0.9761 pctl(p5/p50/p95)=-0.3951/-0.1261/0.2283
[2026-08-08 03:03:49] [thr] mode=hard viable=0/51 best t=0.5124 obj=0.5195 f2=0.8256 sens=0.9766 spec=0.0625 fpr=0.9375 | probs(min/mean/max)=0.5016/0.5560/0.6102 range=0.108654
[2026-08-08 03:03:49] [thr] logits(min/mean/max)=0.0063/0.2255/0.4483 range=0.4420 pctl(p5/p50/p95)=0.0554/0.2320/0.3940
[2026-08-08 03:05:50] [thr] mode=hard viable=0/51 best t=0.4823 obj=0.5508 f2=0.6627 sens=0.7031 spec=0.3984 fpr=0.6016 | probs(min/mean/max)=0.4298/0.4942/0.5757 range=0.145813
[2026-08-08 03:05:50] [thr] logits(min/mean/max)=-0.2825/-0.0232/0.3049 range=0.5875 pctl(p5/p50/p95)=-0.2156/-0.0207/0.1624
[2026-08-08 03:05:55] [terminal] phase=search auc=0.5016 sens=0.6691 spec=0.3704 thr*=0.482 std_proxy=0.0124 n_seeds=3 time=365.87s
[2026-08-08 03:05:55] [phase] phase=search targets sens/spec/fpr=0.420/0.650/0.300
[2026-08-08 03:07:53] [thr] mode=hard viable=0/51 best t=0.5337 obj=0.5664 f2=0.4613 sens=0.4375 spec=0.6953 fpr=0.3047 | probs(min/mean/max)=0.3750/0.5149/0.6486 range=0.273657
[2026-08-08 03:07:53] [thr] logits(min/mean/max)=-0.5110/0.0607/0.6130 range=1.1240 pctl(p5/p50/p95)=-0.2922/0.0447/0.4487
[2026-08-08 03:09:56] [thr] mode=hard viable=0/51 best t=0.5101 obj=0.5703 f2=0.4068 sens=0.3750 spec=0.7656 fpr=0.2344 | probs(min/mean/max)=0.4598/0.5025/0.5466 range=0.086833
[2026-08-08 03:09:56] [thr] logits(min/mean/max)=-0.1613/0.0098/0.1869 range=0.3482 pctl(p5/p50/p95)=-0.1013/0.0080/0.1260
[2026-08-08 03:11:59] [thr] mode=hard viable=0/51 best t=0.5249 obj=0.5469 f2=0.4305 sens=0.4062 spec=0.6875 fpr=0.3125 | probs(min/mean/max)=0.3863/0.5045/0.6338 range=0.247440
[2026-08-08 03:11:59] [thr] logits(min/mean/max)=-0.4627/0.0182/0.5485 range=1.0112 pctl(p5/p50/p95)=-0.3185/0.0223/0.3633
[2026-08-08 03:12:05] [terminal] phase=search auc=0.5143 sens=0.3680 spec=0.6420 thr*=0.534 std_proxy=0.0043 n_seeds=3 time=369.79s
[2026-08-08 03:12:05] [phase] phase=search targets sens/spec/fpr=0.420/0.650/0.300
[2026-08-08 03:12:05] [terminal_evaluate][EXCEPTION] WireError: Cannot run circuit(s) on lightning.qubit as they contain wires not found on the device: {4}
[2026-08-08 03:12:05] [phase] phase=search targets sens/spec/fpr=0.420/0.650/0.300
[2026-08-08 03:12:05] [terminal_evaluate][EXCEPTION] WireError: Cannot run circuit(s) on lightning.qubit as they contain wires not found on the device: {4}
[2026-08-08 03:12:05] [phase] phase=search targets sens/spec/fpr=0.420/0.650/0.300
[2026-08-08 03:12:05] [terminal_evaluate][EXCEPTION] WireError: Cannot run circuit(s) on lightning.qubit as they contain wires not found on the device: {4}
[2026-08-08 03:12:06] [phase] phase=search targets sens/spec/fpr=0.420/0.650/0.300
[2026-08-08 03:12:06] [terminal_evaluate][EXCEPTION] WireError: Cannot run circuit(s) on lightning.qubit as they contain wires not found on the device: {4}
[2026-08-08 03:12:06] [phase] phase=search targets sens/spec/fpr=0.420/0.650/0.300
[2026-08-08 03:12:06] [terminal_evaluate][EXCEPTION] WireError: Cannot run circuit(s) on lightning.qubit as they contain wires not found on the device: {4}
[2026-08-08 03:12:06] [phase] phase=search targets sens/spec/fpr=0.420/0.650/0.300
[2026-08-08 03:12:06] [terminal_evaluate][EXCEPTION] WireError: Cannot run circuit(s) on lightning.qubit as they contain wires not found on the device: {4}
[2026-08-08 03:12:06] [phase] phase=search targets sens/spec/fpr=0.420/0.650/0.300
[2026-08-08 03:12:06] [terminal_evaluate][EXCEPTION] WireError: Cannot run circuit(s) on lightning.qubit as they contain wires not found on the device: {4}
[2026-08-08 03:12:06] [phase] phase=search targets sens/spec/fpr=0.420/0.650/0.300
[2026-08-08 03:12:06] [terminal_evaluate][EXCEPTION] WireError: Cannot run circuit(s) on lightning.qubit as they contain wires not found on the device: {4}
[2026-08-08 03:12:07] [phase] phase=search targets sens/spec/fpr=0.420/0.650/0.300
[2026-08-08 03:12:07] [terminal_evaluate][EXCEPTION] WireError: Cannot run circuit(s) on lightning.qubit as they contain wires not found on the device: {4}
[2026-08-08 03:12:07] [phase] phase=search targets sens/spec/fpr=0.420/0.650/0.300
[2026-08-08 03:14:03] [thr] mode=hard viable=0/51 best t=0.5067 obj=0.5469 f2=0.3070 sens=0.2734 spec=0.8203 fpr=0.1797 | probs(min/mean/max)=0.3569/0.4696/0.6066 range=0.249710
[2026-08-08 03:14:03] [thr] logits(min/mean/max)=-0.5890/-0.1229/0.4329 range=1.0219 pctl(p5/p50/p95)=-0.4398/-0.1142/0.1752
[2026-08-08 03:16:05] [thr] mode=hard viable=0/51 best t=0.5055 obj=0.5156 f2=0.6753 sens=0.7344 spec=0.2969 fpr=0.7031 | probs(min/mean/max)=0.4281/0.5277/0.6216 range=0.193429
[2026-08-08 03:16:05] [thr] logits(min/mean/max)=-0.2895/0.1115/0.4962 range=0.7857 pctl(p5/p50/p95)=-0.1347/0.1152/0.3520
[2026-08-08 03:18:03] [terminal_evaluate][EXCEPTION] WireError: Cannot run circuit(s) on lightning.qubit as they contain wires not found on the device: {5}
[2026-08-08 03:18:03] [phase] phase=search targets sens/spec/fpr=0.420/0.650/0.300
[2026-08-08 03:18:03] [terminal_evaluate][EXCEPTION] WireError: Cannot run circuit(s) on lightning.qubit as they contain wires not found on the device: {4, 5}
[2026-08-08 03:18:04] [phase] phase=search targets sens/spec/fpr=0.420/0.650/0.300
[2026-08-08 03:18:04] [terminal_evaluate][EXCEPTION] WireError: Cannot run circuit(s) on lightning.qubit as they contain wires not found on the device: {4, 5}
[2026-08-08 03:18:04] [phase] phase=search targets sens/spec/fpr=0.420/0.650/0.300
[2026-08-08 03:20:05] [thr] mode=hard viable=0/51 best t=0.4516 obj=0.5391 f2=0.6916 sens=0.7500 spec=0.3281 fpr=0.6719 | probs(min/mean/max)=0.3621/0.4764/0.6107 range=0.248596
[2026-08-08 03:20:05] [thr] logits(min/mean/max)=-0.5664/-0.0955/0.4501 range=1.0165 pctl(p5/p50/p95)=-0.3882/-0.1061/0.2067
[2026-08-08 03:22:00] [thr] mode=hard viable=0/51 best t=0.4654 obj=0.5273 f2=0.6406 sens=0.6797 spec=0.3750 fpr=0.6250 | probs(min/mean/max)=0.3156/0.4958/0.6560 range=0.340437
[2026-08-08 03:22:00] [thr] logits(min/mean/max)=-0.7740/-0.0171/0.6457 range=1.4197 pctl(p5/p50/p95)=-0.5040/0.0092/0.4753
[2026-08-08 03:24:07] [thr] mode=hard viable=0/51 best t=0.5289 obj=0.5430 f2=0.5087 sens=0.5000 spec=0.5859 fpr=0.4141 | probs(min/mean/max)=0.3719/0.5118/0.6335 range=0.261612
[2026-08-08 03:24:07] [thr] logits(min/mean/max)=-0.5241/0.0476/0.5473 range=1.0714 pctl(p5/p50/p95)=-0.3837/0.0699/0.4385
[2026-08-08 03:24:11] [terminal] phase=search auc=0.5888 sens=0.7770 spec=0.3786 thr*=0.465 std_proxy=0.0244 n_seeds=3 time=367.61s
[2026-08-08 03:24:12] [phase] phase=search targets sens/spec/fpr=0.420/0.650/0.300
[2026-08-08 03:24:12] [terminal_evaluate][EXCEPTION] WireError: Cannot run circuit(s) on lightning.qubit as they contain wires not found on the device: {4, 5}
[2026-08-08 03:24:12] [phase] phase=search targets sens/spec/fpr=0.420/0.650/0.300
[2026-08-08 03:24:12] [terminal_evaluate][EXCEPTION] WireError: Cannot run circuit(s) on lightning.qubit as they contain wires not found on the device: {4, 5}
[2026-08-08 03:24:12] [phase] phase=search targets sens/spec/fpr=0.420/0.650/0.300
[2026-08-08 03:24:12] [terminal_evaluate][EXCEPTION] WireError: Cannot run circuit(s) on lightning.qubit as they contain wires not found on the device: {4, 5}
[2026-08-08 03:24:13] [phase] phase=search targets sens/spec/fpr=0.420/0.650/0.300
[2026-08-08 03:24:13] [terminal_evaluate][EXCEPTION] WireError: Cannot run circuit(s) on lightning.qubit as they contain wires not found on the device: {5}
[2026-08-08 03:24:13] [phase] phase=search targets sens/spec/fpr=0.420/0.650/0.300
[2026-08-08 03:24:13] [terminal_evaluate][EXCEPTION] WireError: Cannot run circuit(s) on lightning.qubit as they contain wires not found on the device: {4, 5}
[2026-08-08 03:24:13] [phase] phase=search targets sens/spec/fpr=0.420/0.650/0.300
[2026-08-08 03:24:13] [terminal_evaluate][EXCEPTION] WireError: Cannot run circuit(s) on lightning.qubit as they contain wires not found on the device: {5}
[2026-08-08 03:24:13] [phase] phase=search targets sens/spec/fpr=0.420/0.650/0.300
[2026-08-08 03:24:13] [terminal_evaluate][EXCEPTION] WireError: Cannot run circuit(s) on lightning.qubit as they contain wires not found on the device: {4, 5}
[2026-08-08 03:24:14] [phase] phase=search targets sens/spec/fpr=0.420/0.650/0.300
[2026-08-08 03:24:14] [terminal_evaluate][EXCEPTION] WireError: Cannot run circuit(s) on lightning.qubit as they contain wires not found on the device: {4, 5}
[2026-08-08 03:24:14] [phase] phase=search targets sens/spec/fpr=0.420/0.650/0.300
[2026-08-08 03:24:14] [terminal_evaluate][EXCEPTION] WireError: Cannot run circuit(s) on lightning.qubit as they contain wires not found on the device: {4, 5}
[2026-08-08 03:24:14] [phase] phase=search targets sens/spec/fpr=0.420/0.650/0.300
[2026-08-08 03:24:14] [terminal_evaluate][EXCEPTION] WireError: Cannot run circuit(s) on lightning.qubit as they contain wires not found on the device: {4, 5}
[2026-08-08 03:24:14] [phase] phase=search targets sens/spec/fpr=0.420/0.650/0.300
[2026-08-08 03:24:14] [terminal_evaluate][EXCEPTION] WireError: Cannot run circuit(s) on lightning.qubit as they contain wires not found on the device: {4, 5}
[2026-08-08 03:24:15] [phase] phase=search targets sens/spec/fpr=0.420/0.650/0.300
[2026-08-08 03:24:15] [terminal_evaluate][EXCEPTION] WireError: Cannot run circuit(s) on lightning.qubit as they contain wires not found on the device: {4, 5}
[2026-08-08 03:24:15] [phase] phase=search targets sens/spec/fpr=0.420/0.650/0.300
[2026-08-08 03:24:15] [terminal_evaluate][EXCEPTION] WireError: Cannot run circuit(s) on lightning.qubit as they contain wires not found on the device: {4, 5}
[2026-08-08 03:24:15] [phase] phase=search targets sens/spec/fpr=0.420/0.650/0.300
[2026-08-08 03:24:15] [terminal_evaluate][EXCEPTION] WireError: Cannot run circuit(s) on lightning.qubit as they contain wires not found on the device: {4, 5}
[2026-08-08 03:24:15] [phase] phase=search targets sens/spec/fpr=0.420/0.650/0.300
[2026-08-08 03:24:15] [terminal_evaluate][EXCEPTION] WireError: Cannot run circuit(s) on lightning.qubit as they contain wires not found on the device: {4, 5}
[2026-08-08 03:24:15] [phase] phase=search targets sens/spec/fpr=0.420/0.650/0.300
[2026-08-08 03:24:16] [terminal_evaluate][EXCEPTION] WireError: Cannot run circuit(s) on lightning.qubit as they contain wires not found on the device: {4, 5}
[2026-08-08 03:24:16] [phase] phase=search targets sens/spec/fpr=0.420/0.650/0.300
[2026-08-08 03:24:16] [terminal_evaluate][EXCEPTION] WireError: Cannot run circuit(s) on lightning.qubit as they contain wires not found on the device: {4, 5}
[2026-08-08 03:24:16] [phase] phase=search targets sens/spec/fpr=0.420/0.650/0.300
[2026-08-08 03:24:16] [terminal_evaluate][EXCEPTION] WireError: Cannot run circuit(s) on lightning.qubit as they contain wires not found on the device: {4, 5}
[2026-08-08 03:24:16] [phase] phase=search targets sens/spec/fpr=0.420/0.650/0.300
[2026-08-08 03:24:16] [terminal_evaluate][EXCEPTION] WireError: Cannot run circuit(s) on lightning.qubit as they contain wires not found on the device: {4, 5}
[2026-08-08 03:24:16] [phase] phase=search targets sens/spec/fpr=0.420/0.650/0.300
[2026-08-08 03:24:16] [terminal_evaluate][EXCEPTION] WireError: Cannot run circuit(s) on lightning.qubit as they contain wires not found on the device: {4, 5}
[2026-08-08 03:24:17] [phase] phase=search targets sens/spec/fpr=0.420/0.650/0.300
[2026-08-08 03:24:17] [terminal_evaluate][EXCEPTION] WireError: Cannot run circuit(s) on lightning.qubit as they contain wires not found on the device: {4, 5}
[2026-08-08 03:24:17] [phase] phase=search targets sens/spec/fpr=0.420/0.650/0.300
[2026-08-08 03:24:17] [terminal_evaluate][EXCEPTION] WireError: Cannot run circuit(s) on lightning.qubit as they contain wires not found on the device: {5}
[2026-08-08 03:24:17] [phase] phase=search targets sens/spec/fpr=0.420/0.650/0.300
[2026-08-08 03:24:17] [terminal_evaluate][EXCEPTION] WireError: Cannot run circuit(s) on lightning.qubit as they contain wires not found on the device: {4, 5}
[2026-08-08 03:24:17] [phase] phase=search targets sens/spec/fpr=0.420/0.650/0.300
[2026-08-08 03:24:17] [terminal_evaluate][EXCEPTION] WireError: Cannot run circuit(s) on lightning.qubit as they contain wires not found on the device: {4, 5}
[2026-08-08 03:24:18] [phase] phase=search targets sens/spec/fpr=0.420/0.650/0.300
[2026-08-08 03:24:18] [terminal_evaluate][EXCEPTION] WireError: Cannot run circuit(s) on lightning.qubit as they contain wires not found on the device: {4, 5}
[2026-08-08 03:24:18] [phase] phase=search targets sens/spec/fpr=0.420/0.650/0.300
[2026-08-08 03:24:18] [terminal_evaluate][EXCEPTION] WireError: Cannot run circuit(s) on lightning.qubit as they contain wires not found on the device: {4, 5}
[2026-08-08 03:24:18] [phase] phase=search targets sens/spec/fpr=0.420/0.650/0.300
[2026-08-08 03:24:18] [terminal_evaluate][EXCEPTION] WireError: Cannot run circuit(s) on lightning.qubit as they contain wires not found on the device: {4, 5}
[2026-08-08 03:24:18] [phase] phase=search targets sens/spec/fpr=0.420/0.650/0.300
[2026-08-08 03:24:18] [terminal_evaluate][EXCEPTION] WireError: Cannot run circuit(s) on lightning.qubit as they contain wires not found on the device: {4, 5}
[2026-08-08 03:24:18] [phase] phase=search targets sens/spec/fpr=0.420/0.650/0.300
[2026-08-08 03:24:18] [terminal_evaluate][EXCEPTION] WireError: Cannot run circuit(s) on lightning.qubit as they contain wires not found on the device: {4, 5}
[2026-08-08 03:24:19] [phase] phase=search targets sens/spec/fpr=0.420/0.650/0.300
[2026-08-08 03:24:19] [terminal_evaluate][EXCEPTION] WireError: Cannot run circuit(s) on lightning.qubit as they contain wires not found on the device: {5}
[2026-08-08 03:24:19] [phase] phase=search targets sens/spec/fpr=0.420/0.650/0.300
[2026-08-08 03:24:19] [terminal_evaluate][EXCEPTION] WireError: Cannot run circuit(s) on lightning.qubit as they contain wires not found on the device: {4, 5}
[2026-08-08 03:24:19] [phase] phase=search targets sens/spec/fpr=0.420/0.650/0.300
[2026-08-08 03:24:19] [terminal_evaluate][EXCEPTION] WireError: Cannot run circuit(s) on lightning.qubit as they contain wires not found on the device: {5}
[2026-08-08 03:24:19] [phase] phase=search targets sens/spec/fpr=0.420/0.650/0.300
[2026-08-08 03:24:19] [terminal_evaluate][EXCEPTION] WireError: Cannot run circuit(s) on lightning.qubit as they contain wires not found on the device: {4, 5}
[2026-08-08 03:24:20] [phase] phase=search targets sens/spec/fpr=0.420/0.650/0.300
[2026-08-08 03:24:20] [terminal_evaluate][EXCEPTION] WireError: Cannot run circuit(s) on lightning.qubit as they contain wires not found on the device: {5}
[2026-08-08 03:24:20] [phase] phase=search targets sens/spec/fpr=0.420/0.650/0.300
[2026-08-08 03:24:20] [terminal_evaluate][EXCEPTION] WireError: Cannot run circuit(s) on lightning.qubit as they contain wires not found on the device: {4, 5}
[2026-08-08 03:24:20] [phase] phase=search targets sens/spec/fpr=0.420/0.650/0.300
[2026-08-08 03:24:20] [terminal_evaluate][EXCEPTION] WireError: Cannot run circuit(s) on lightning.qubit as they contain wires not found on the device: {4, 5}
[2026-08-08 03:24:20] [phase] phase=search targets sens/spec/fpr=0.420/0.650/0.300
[2026-08-08 03:24:20] [terminal_evaluate][EXCEPTION] WireError: Cannot run circuit(s) on lightning.qubit as they contain wires not found on the device: {4, 5}
[2026-08-08 03:24:20] [phase] phase=search targets sens/spec/fpr=0.420/0.650/0.300
[2026-08-08 03:24:20] [terminal_evaluate][EXCEPTION] WireError: Cannot run circuit(s) on lightning.qubit as they contain wires not found on the device: {4, 5}
[2026-08-08 03:24:21] [phase] phase=search targets sens/spec/fpr=0.420/0.650/0.300
[2026-08-08 03:24:21] [terminal_evaluate][EXCEPTION] WireError: Cannot run circuit(s) on lightning.qubit as they contain wires not found on the device: {4, 5}
[2026-08-08 03:24:21] [phase] phase=search targets sens/spec/fpr=0.420/0.650/0.300
[2026-08-08 03:24:21] [terminal_evaluate][EXCEPTION] WireError: Cannot run circuit(s) on lightning.qubit as they contain wires not found on the device: {4, 5}
[2026-08-08 03:24:21] [phase] phase=search targets sens/spec/fpr=0.420/0.650/0.300
[2026-08-08 03:24:21] [terminal_evaluate][EXCEPTION] WireError: Cannot run circuit(s) on lightning.qubit as they contain wires not found on the device: {4, 5}
[2026-08-08 03:24:21] [phase] phase=search targets sens/spec/fpr=0.420/0.650/0.300
[2026-08-08 03:24:21] [terminal_evaluate][EXCEPTION] WireError: Cannot run circuit(s) on lightning.qubit as they contain wires not found on the device: {5}
[2026-08-08 03:24:21] [phase] phase=search targets sens/spec/fpr=0.420/0.650/0.300
[2026-08-08 03:24:22] [terminal_evaluate][EXCEPTION] WireError: Cannot run circuit(s) on lightning.qubit as they contain wires not found on the device: {4, 5}
[2026-08-08 03:24:22] [phase] phase=search targets sens/spec/fpr=0.420/0.650/0.300
[2026-08-08 03:24:22] [terminal_evaluate][EXCEPTION] WireError: Cannot run circuit(s) on lightning.qubit as they contain wires not found on the device: {4, 5}
[2026-08-08 03:24:22] [phase] phase=search targets sens/spec/fpr=0.420/0.650/0.300
[2026-08-08 03:24:22] [terminal_evaluate][EXCEPTION] WireError: Cannot run circuit(s) on lightning.qubit as they contain wires not found on the device: {4, 5}
[2026-08-08 03:24:22] [phase] phase=search targets sens/spec/fpr=0.420/0.650/0.300
[2026-08-08 03:24:22] [terminal_evaluate][EXCEPTION] WireError: Cannot run circuit(s) on lightning.qubit as they contain wires not found on the device: {5}
[2026-08-08 03:24:22] [phase] phase=search targets sens/spec/fpr=0.420/0.650/0.300
[2026-08-08 03:24:22] [terminal_evaluate][EXCEPTION] WireError: Cannot run circuit(s) on lightning.qubit as they contain wires not found on the device: {4, 5}
[2026-08-08 03:24:23] [phase] phase=search targets sens/spec/fpr=0.420/0.650/0.300
[2026-08-08 03:24:23] [terminal_evaluate][EXCEPTION] WireError: Cannot run circuit(s) on lightning.qubit as they contain wires not found on the device: {4, 5}
[2026-08-08 03:24:23] [phase] phase=search targets sens/spec/fpr=0.420/0.650/0.300
[2026-08-08 03:24:23] [terminal_evaluate][EXCEPTION] WireError: Cannot run circuit(s) on lightning.qubit as they contain wires not found on the device: {4, 5}
[2026-08-08 03:24:23] [phase] phase=search targets sens/spec/fpr=0.420/0.650/0.300
[2026-08-08 03:24:23] [terminal_evaluate][EXCEPTION] WireError: Cannot run circuit(s) on lightning.qubit as they contain wires not found on the device: {4, 5}
[2026-08-08 03:24:23] [phase] phase=search targets sens/spec/fpr=0.420/0.650/0.300
[2026-08-08 03:24:23] [terminal_evaluate][EXCEPTION] WireError: Cannot run circuit(s) on lightning.qubit as they contain wires not found on the device: {4, 5}
[2026-08-08 03:24:23] [phase] phase=search targets sens/spec/fpr=0.420/0.650/0.300
[2026-08-08 03:24:23] [terminal_evaluate][EXCEPTION] WireError: Cannot run circuit(s) on lightning.qubit as they contain wires not found on the device: {4, 5}
[2026-08-08 03:24:24] [phase] phase=search targets sens/spec/fpr=0.420/0.650/0.300
[2026-08-08 03:24:24] [terminal_evaluate][EXCEPTION] WireError: Cannot run circuit(s) on lightning.qubit as they contain wires not found on the device: {5}
[2026-08-08 03:24:24] [phase] phase=search targets sens/spec/fpr=0.420/0.650/0.300
[2026-08-08 03:24:24] [terminal_evaluate][EXCEPTION] WireError: Cannot run circuit(s) on lightning.qubit as they contain wires not found on the device: {4, 5}
[2026-08-08 03:24:24] [phase] phase=search targets sens/spec/fpr=0.420/0.650/0.300
[2026-08-08 03:24:24] [terminal_evaluate][EXCEPTION] WireError: Cannot run circuit(s) on lightning.qubit as they contain wires not found on the device: {4, 5}
[2026-08-08 03:24:24] [phase] phase=search targets sens/spec/fpr=0.420/0.650/0.300
[2026-08-08 03:24:24] [terminal_evaluate][EXCEPTION] WireError: Cannot run circuit(s) on lightning.qubit as they contain wires not found on the device: {4, 5}
[2026-08-08 03:24:25] [phase] phase=search targets sens/spec/fpr=0.420/0.650/0.300
[2026-08-08 03:24:25] [terminal_evaluate][EXCEPTION] WireError: Cannot run circuit(s) on lightning.qubit as they contain wires not found on the device: {4, 5}
[2026-08-08 03:24:25] [phase] phase=search targets sens/spec/fpr=0.420/0.650/0.300
[2026-08-08 03:24:25] [terminal_evaluate][EXCEPTION] WireError: Cannot run circuit(s) on lightning.qubit as they contain wires not found on the device: {4, 5}
[2026-08-08 03:24:25] [phase] phase=search targets sens/spec/fpr=0.420/0.650/0.300
[2026-08-08 03:24:25] [terminal_evaluate][EXCEPTION] WireError: Cannot run circuit(s) on lightning.qubit as they contain wires not found on the device: {4, 5}
[2026-08-08 03:24:25] [phase] phase=search targets sens/spec/fpr=0.420/0.650/0.300
[2026-08-08 03:24:25] [terminal_evaluate][EXCEPTION] WireError: Cannot run circuit(s) on lightning.qubit as they contain wires not found on the device: {4, 5}
[2026-08-08 03:24:25] [phase] phase=search targets sens/spec/fpr=0.420/0.650/0.300
[2026-08-08 03:24:25] [terminal_evaluate][EXCEPTION] WireError: Cannot run circuit(s) on lightning.qubit as they contain wires not found on the device: {4, 5}
[2026-08-08 03:24:26] [phase] phase=search targets sens/spec/fpr=0.420/0.650/0.300
[2026-08-08 03:24:26] [terminal_evaluate][EXCEPTION] WireError: Cannot run circuit(s) on lightning.qubit as they contain wires not found on the device: {4, 5}
[2026-08-08 03:24:26] [phase] phase=search targets sens/spec/fpr=0.420/0.650/0.300
[2026-08-08 03:24:26] [terminal_evaluate][EXCEPTION] WireError: Cannot run circuit(s) on lightning.qubit as they contain wires not found on the device: {4, 5}
[2026-08-08 03:24:26] [phase] phase=search targets sens/spec/fpr=0.420/0.650/0.300
[2026-08-08 03:24:26] [terminal_evaluate][EXCEPTION] WireError: Cannot run circuit(s) on lightning.qubit as they contain wires not found on the device: {4, 5}
[2026-08-08 03:24:26] [phase] phase=search targets sens/spec/fpr=0.420/0.650/0.300
[2026-08-08 03:24:26] [terminal_evaluate][EXCEPTION] WireError: Cannot run circuit(s) on lightning.qubit as they contain wires not found on the device: {4, 5}
[2026-08-08 03:24:27] [phase] phase=search targets sens/spec/fpr=0.420/0.650/0.300
[2026-08-08 03:24:27] [terminal_evaluate][EXCEPTION] WireError: Cannot run circuit(s) on lightning.qubit as they contain wires not found on the device: {4, 5}
[2026-08-08 03:24:27] [phase] phase=search targets sens/spec/fpr=0.420/0.650/0.300
[2026-08-08 03:24:27] [terminal_evaluate][EXCEPTION] WireError: Cannot run circuit(s) on lightning.qubit as they contain wires not found on the device: {5}
[2026-08-08 03:24:27] [phase] phase=search targets sens/spec/fpr=0.420/0.650/0.300
[2026-08-08 03:24:27] [terminal_evaluate][EXCEPTION] WireError: Cannot run circuit(s) on lightning.qubit as they contain wires not found on the device: {4, 5}
[2026-08-08 03:24:27] [phase] phase=search targets sens/spec/fpr=0.420/0.650/0.300
[2026-08-08 03:24:27] [terminal_evaluate][EXCEPTION] WireError: Cannot run circuit(s) on lightning.qubit as they contain wires not found on the device: {4, 5}
[2026-08-08 03:24:27] [phase] phase=search targets sens/spec/fpr=0.420/0.650/0.300
[2026-08-08 03:24:27] [terminal_evaluate][EXCEPTION] WireError: Cannot run circuit(s) on lightning.qubit as they contain wires not found on the device: {4, 5}
[2026-08-08 03:24:27] [phase] phase=search targets sens/spec/fpr=0.420/0.650/0.300
[2026-08-08 03:24:28] [terminal_evaluate][EXCEPTION] WireError: Cannot run circuit(s) on lightning.qubit as they contain wires not found on the device: {4, 5}
[2026-08-08 03:24:28] [phase] phase=search targets sens/spec/fpr=0.420/0.650/0.300
[2026-08-08 03:24:28] [terminal_evaluate][EXCEPTION] WireError: Cannot run circuit(s) on lightning.qubit as they contain wires not found on the device: {4, 5}
[2026-08-08 03:24:28] [phase] phase=search targets sens/spec/fpr=0.420/0.650/0.300
[2026-08-08 03:24:28] [terminal_evaluate][EXCEPTION] WireError: Cannot run circuit(s) on lightning.qubit as they contain wires not found on the device: {4, 5}
[2026-08-08 03:24:28] [phase] phase=search targets sens/spec/fpr=0.420/0.650/0.300
[2026-08-08 03:24:28] [terminal_evaluate][EXCEPTION] WireError: Cannot run circuit(s) on lightning.qubit as they contain wires not found on the device: {4, 5}
[2026-08-08 03:24:28] [phase] phase=search targets sens/spec/fpr=0.420/0.650/0.300
[2026-08-08 03:24:28] [terminal_evaluate][EXCEPTION] WireError: Cannot run circuit(s) on lightning.qubit as they contain wires not found on the device: {4, 5}
[2026-08-08 03:24:29] [phase] phase=search targets sens/spec/fpr=0.420/0.650/0.300
[2026-08-08 03:24:29] [terminal_evaluate][EXCEPTION] WireError: Cannot run circuit(s) on lightning.qubit as they contain wires not found on the device: {4, 5}
[2026-08-08 03:24:29] [phase] phase=search targets sens/spec/fpr=0.420/0.650/0.300
[2026-08-08 03:24:29] [terminal_evaluate][EXCEPTION] WireError: Cannot run circuit(s) on lightning.qubit as they contain wires not found on the device: {4, 5}
[2026-08-08 03:24:29] [phase] phase=search targets sens/spec/fpr=0.420/0.650/0.300
[2026-08-08 03:24:29] [terminal_evaluate][EXCEPTION] WireError: Cannot run circuit(s) on lightning.qubit as they contain wires not found on the device: {4, 5}
[2026-08-08 03:24:29] [phase] phase=search targets sens/spec/fpr=0.420/0.650/0.300
[2026-08-08 03:24:29] [terminal_evaluate][EXCEPTION] WireError: Cannot run circuit(s) on lightning.qubit as they contain wires not found on the device: {4, 5}
[2026-08-08 03:24:29] [phase] phase=search targets sens/spec/fpr=0.420/0.650/0.300
[2026-08-08 03:24:29] [terminal_evaluate][EXCEPTION] WireError: Cannot run circuit(s) on lightning.qubit as they contain wires not found on the device: {5}
[2026-08-08 03:24:30] [phase] phase=search targets sens/spec/fpr=0.420/0.650/0.300
[2026-08-08 03:24:30] [terminal_evaluate][EXCEPTION] WireError: Cannot run circuit(s) on lightning.qubit as they contain wires not found on the device: {4, 5}
[2026-08-08 03:24:30] [phase] phase=search targets sens/spec/fpr=0.420/0.650/0.300
[2026-08-08 03:24:30] [terminal_evaluate][EXCEPTION] WireError: Cannot run circuit(s) on lightning.qubit as they contain wires not found on the device: {4, 5}
[2026-08-08 03:24:30] [phase] phase=search targets sens/spec/fpr=0.420/0.650/0.300
[2026-08-08 03:24:30] [terminal_evaluate][EXCEPTION] WireError: Cannot run circuit(s) on lightning.qubit as they contain wires not found on the device: {4, 5}
[2026-08-08 03:24:30] [phase] phase=search targets sens/spec/fpr=0.420/0.650/0.300
[2026-08-08 03:24:30] [terminal_evaluate][EXCEPTION] WireError: Cannot run circuit(s) on lightning.qubit as they contain wires not found on the device: {4, 5}
[2026-08-08 03:24:30] [phase] phase=search targets sens/spec/fpr=0.420/0.650/0.300
[2026-08-08 03:24:30] [terminal_evaluate][EXCEPTION] WireError: Cannot run circuit(s) on lightning.qubit as they contain wires not found on the device: {4, 5}
[2026-08-08 03:24:31] [phase] phase=search targets sens/spec/fpr=0.420/0.650/0.300
[2026-08-08 03:24:31] [terminal_evaluate][EXCEPTION] WireError: Cannot run circuit(s) on lightning.qubit as they contain wires not found on the device: {4, 5}
[2026-08-08 03:24:31] [phase] phase=search targets sens/spec/fpr=0.420/0.650/0.300
[2026-08-08 03:24:31] [terminal_evaluate][EXCEPTION] WireError: Cannot run circuit(s) on lightning.qubit as they contain wires not found on the device: {5}
[2026-08-08 03:24:31] [phase] phase=search targets sens/spec/fpr=0.420/0.650/0.300
[2026-08-08 03:24:31] [terminal_evaluate][EXCEPTION] WireError: Cannot run circuit(s) on lightning.qubit as they contain wires not found on the device: {4, 5}
[2026-08-08 03:24:31] [phase] phase=search targets sens/spec/fpr=0.420/0.650/0.300
[2026-08-08 03:24:31] [terminal_evaluate][EXCEPTION] WireError: Cannot run circuit(s) on lightning.qubit as they contain wires not found on the device: {4, 5}
[2026-08-08 03:24:32] [phase] phase=search targets sens/spec/fpr=0.420/0.650/0.300
[2026-08-08 03:24:32] [terminal_evaluate][EXCEPTION] WireError: Cannot run circuit(s) on lightning.qubit as they contain wires not found on the device: {5}
[2026-08-08 03:24:32] [phase] phase=search targets sens/spec/fpr=0.420/0.650/0.300
[2026-08-08 03:24:32] [terminal_evaluate][EXCEPTION] WireError: Cannot run circuit(s) on lightning.qubit as they contain wires not found on the device: {4, 5}
[2026-08-08 03:24:32] [phase] phase=search targets sens/spec/fpr=0.420/0.650/0.300
[2026-08-08 03:24:32] [terminal_evaluate][EXCEPTION] WireError: Cannot run circuit(s) on lightning.qubit as they contain wires not found on the device: {4, 5}
[2026-08-08 03:24:32] [phase] phase=search targets sens/spec/fpr=0.420/0.650/0.300
[2026-08-08 03:24:32] [terminal_evaluate][EXCEPTION] WireError: Cannot run circuit(s) on lightning.qubit as they contain wires not found on the device: {4, 5}
[2026-08-08 03:24:32] [phase] phase=search targets sens/spec/fpr=0.420/0.650/0.300
[2026-08-08 03:24:32] [terminal_evaluate][EXCEPTION] WireError: Cannot run circuit(s) on lightning.qubit as they contain wires not found on the device: {5}
[2026-08-08 03:24:33] [phase] phase=search targets sens/spec/fpr=0.420/0.650/0.300
[2026-08-08 03:24:33] [terminal_evaluate][EXCEPTION] WireError: Cannot run circuit(s) on lightning.qubit as they contain wires not found on the device: {4, 5}
[2026-08-08 03:24:33] [phase] phase=search targets sens/spec/fpr=0.420/0.650/0.300
[2026-08-08 03:24:33] [terminal_evaluate][EXCEPTION] WireError: Cannot run circuit(s) on lightning.qubit as they contain wires not found on the device: {4, 5}
[2026-08-08 03:24:33] [phase] phase=search targets sens/spec/fpr=0.420/0.650/0.300
[2026-08-08 03:24:33] [terminal_evaluate][EXCEPTION] WireError: Cannot run circuit(s) on lightning.qubit as they contain wires not found on the device: {5}
[2026-08-08 03:24:33] [phase] phase=search targets sens/spec/fpr=0.420/0.650/0.300
[2026-08-08 03:24:33] [terminal_evaluate][EXCEPTION] WireError: Cannot run circuit(s) on lightning.qubit as they contain wires not found on the device: {5}
[2026-08-08 03:24:33] [phase] phase=search targets sens/spec/fpr=0.420/0.650/0.300
[2026-08-08 03:24:33] [terminal_evaluate][EXCEPTION] WireError: Cannot run circuit(s) on lightning.qubit as they contain wires not found on the device: {4, 5}
[2026-08-08 03:24:34] [phase] phase=search targets sens/spec/fpr=0.420/0.650/0.300
[2026-08-08 03:24:34] [terminal_evaluate][EXCEPTION] WireError: Cannot run circuit(s) on lightning.qubit as they contain wires not found on the device: {5}
[2026-08-08 03:24:34] [phase] phase=search targets sens/spec/fpr=0.420/0.650/0.300
[2026-08-08 03:24:34] [terminal_evaluate][EXCEPTION] WireError: Cannot run circuit(s) on lightning.qubit as they contain wires not found on the device: {4, 5}
[2026-08-08 03:24:34] [phase] phase=search targets sens/spec/fpr=0.420/0.650/0.300
[2026-08-08 03:24:34] [terminal_evaluate][EXCEPTION] WireError: Cannot run circuit(s) on lightning.qubit as they contain wires not found on the device: {4, 5}
[2026-08-08 03:24:34] [phase] phase=search targets sens/spec/fpr=0.420/0.650/0.300
[2026-08-08 03:24:34] [terminal_evaluate][EXCEPTION] WireError: Cannot run circuit(s) on lightning.qubit as they contain wires not found on the device: {4, 5}
[2026-08-08 03:24:34] [phase] phase=search targets sens/spec/fpr=0.420/0.650/0.300
[2026-08-08 03:24:35] [terminal_evaluate][EXCEPTION] WireError: Cannot run circuit(s) on lightning.qubit as they contain wires not found on the device: {4, 5}
[2026-08-08 03:24:35] [phase] phase=search targets sens/spec/fpr=0.420/0.650/0.300
[2026-08-08 03:24:35] [terminal_evaluate][EXCEPTION] WireError: Cannot run circuit(s) on lightning.qubit as they contain wires not found on the device: {5}
[2026-08-08 03:24:35] [phase] phase=search targets sens/spec/fpr=0.420/0.650/0.300
[2026-08-08 03:24:35] [terminal_evaluate][EXCEPTION] WireError: Cannot run circuit(s) on lightning.qubit as they contain wires not found on the device: {4, 5}
[2026-08-08 03:24:35] [phase] phase=search targets sens/spec/fpr=0.420/0.650/0.300
[2026-08-08 03:24:35] [terminal_evaluate][EXCEPTION] WireError: Cannot run circuit(s) on lightning.qubit as they contain wires not found on the device: {4, 5}
[2026-08-08 03:24:35] [phase] phase=search targets sens/spec/fpr=0.420/0.650/0.300
[2026-08-08 03:24:35] [terminal_evaluate][EXCEPTION] WireError: Cannot run circuit(s) on lightning.qubit as they contain wires not found on the device: {4, 5}
[2026-08-08 03:24:36] [phase] phase=search targets sens/spec/fpr=0.420/0.650/0.300
[2026-08-08 03:24:36] [terminal_evaluate][EXCEPTION] WireError: Cannot run circuit(s) on lightning.qubit as they contain wires not found on the device: {4, 5}
[2026-08-08 03:24:36] [phase] phase=search targets sens/spec/fpr=0.420/0.650/0.300
[2026-08-08 03:24:36] [terminal_evaluate][EXCEPTION] WireError: Cannot run circuit(s) on lightning.qubit as they contain wires not found on the device: {4, 5}
[2026-08-08 03:24:36] [phase] phase=search targets sens/spec/fpr=0.420/0.650/0.300
[2026-08-08 03:24:36] [terminal_evaluate][EXCEPTION] WireError: Cannot run circuit(s) on lightning.qubit as they contain wires not found on the device: {4, 5}
[2026-08-08 03:24:36] [phase] phase=search targets sens/spec/fpr=0.420/0.650/0.300
[2026-08-08 03:24:36] [terminal_evaluate][EXCEPTION] WireError: Cannot run circuit(s) on lightning.qubit as they contain wires not found on the device: {4, 5}
[2026-08-08 03:24:36] [phase] phase=search targets sens/spec/fpr=0.420/0.650/0.300
[2026-08-08 03:24:36] [terminal_evaluate][EXCEPTION] WireError: Cannot run circuit(s) on lightning.qubit as they contain wires not found on the device: {4, 5}
[2026-08-08 03:24:36] [phase] phase=search targets sens/spec/fpr=0.420/0.650/0.300
[2026-08-08 03:24:36] [terminal_evaluate][EXCEPTION] WireError: Cannot run circuit(s) on lightning.qubit as they contain wires not found on the device: {4, 5}
[2026-08-08 03:24:37] [phase] phase=search targets sens/spec/fpr=0.420/0.650/0.300
[2026-08-08 03:24:37] [terminal_evaluate][EXCEPTION] WireError: Cannot run circuit(s) on lightning.qubit as they contain wires not found on the device: {4, 5}
[2026-08-08 03:24:37] [phase] phase=search targets sens/spec/fpr=0.420/0.650/0.300
[2026-08-08 03:24:37] [terminal_evaluate][EXCEPTION] WireError: Cannot run circuit(s) on lightning.qubit as they contain wires not found on the device: {5}
[2026-08-08 03:24:37] [phase] phase=search targets sens/spec/fpr=0.420/0.650/0.300
[2026-08-08 03:24:37] [terminal_evaluate][EXCEPTION] WireError: Cannot run circuit(s) on lightning.qubit as they contain wires not found on the device: {4, 5}
[2026-08-08 03:24:37] [phase] phase=search targets sens/spec/fpr=0.420/0.650/0.300
[2026-08-08 03:24:37] [terminal_evaluate][EXCEPTION] WireError: Cannot run circuit(s) on lightning.qubit as they contain wires not found on the device: {4, 5}
[2026-08-08 03:24:37] [phase] phase=search targets sens/spec/fpr=0.420/0.650/0.300
[2026-08-08 03:24:37] [terminal_evaluate][EXCEPTION] WireError: Cannot run circuit(s) on lightning.qubit as they contain wires not found on the device: {4, 5}
[2026-08-08 03:24:38] [phase] phase=search targets sens/spec/fpr=0.420/0.650/0.300
[2026-08-08 03:24:38] [terminal_evaluate][EXCEPTION] WireError: Cannot run circuit(s) on lightning.qubit as they contain wires not found on the device: {4, 5}
[2026-08-08 03:24:38] [phase] phase=search targets sens/spec/fpr=0.420/0.650/0.300
[2026-08-08 03:24:38] [terminal_evaluate][EXCEPTION] WireError: Cannot run circuit(s) on lightning.qubit as they contain wires not found on the device: {4, 5}
[2026-08-08 03:24:38] [phase] phase=search targets sens/spec/fpr=0.420/0.650/0.300
[2026-08-08 03:24:38] [terminal_evaluate][EXCEPTION] WireError: Cannot run circuit(s) on lightning.qubit as they contain wires not found on the device: {4, 5}
[2026-08-08 03:24:38] [phase] phase=search targets sens/spec/fpr=0.420/0.650/0.300
[2026-08-08 03:24:38] [terminal_evaluate][EXCEPTION] WireError: Cannot run circuit(s) on lightning.qubit as they contain wires not found on the device: {4, 5}
[2026-08-08 03:24:39] [phase] phase=search targets sens/spec/fpr=0.420/0.650/0.300
[2026-08-08 03:24:39] [terminal_evaluate][EXCEPTION] WireError: Cannot run circuit(s) on lightning.qubit as they contain wires not found on the device: {4, 5}
[2026-08-08 03:24:39] [phase] phase=search targets sens/spec/fpr=0.420/0.650/0.300
[2026-08-08 03:24:39] [terminal_evaluate][EXCEPTION] WireError: Cannot run circuit(s) on lightning.qubit as they contain wires not found on the device: {4, 5}
[2026-08-08 03:24:39] [phase] phase=search targets sens/spec/fpr=0.420/0.650/0.300
[2026-08-08 03:24:39] [terminal_evaluate][EXCEPTION] WireError: Cannot run circuit(s) on lightning.qubit as they contain wires not found on the device: {4, 5}
[2026-08-08 03:24:39] [phase] phase=search targets sens/spec/fpr=0.420/0.650/0.300
[2026-08-08 03:24:39] [terminal_evaluate][EXCEPTION] WireError: Cannot run circuit(s) on lightning.qubit as they contain wires not found on the device: {4, 5}
[2026-08-08 03:24:39] [phase] phase=search targets sens/spec/fpr=0.420/0.650/0.300
[2026-08-08 03:24:39] [terminal_evaluate][EXCEPTION] WireError: Cannot run circuit(s) on lightning.qubit as they contain wires not found on the device: {4, 5}
[2026-08-08 03:24:40] [phase] phase=search targets sens/spec/fpr=0.420/0.650/0.300
[2026-08-08 03:24:40] [terminal_evaluate][EXCEPTION] WireError: Cannot run circuit(s) on lightning.qubit as they contain wires not found on the device: {4, 5}
[2026-08-08 03:24:40] [phase] phase=search targets sens/spec/fpr=0.420/0.650/0.300
[2026-08-08 03:24:40] [terminal_evaluate][EXCEPTION] WireError: Cannot run circuit(s) on lightning.qubit as they contain wires not found on the device: {4, 5}
[2026-08-08 03:24:40] [phase] phase=search targets sens/spec/fpr=0.420/0.650/0.300
[2026-08-08 03:24:40] [terminal_evaluate][EXCEPTION] WireError: Cannot run circuit(s) on lightning.qubit as they contain wires not found on the device: {4, 5}
[2026-08-08 03:24:40] [phase] phase=search targets sens/spec/fpr=0.420/0.650/0.300
[2026-08-08 03:24:40] [terminal_evaluate][EXCEPTION] WireError: Cannot run circuit(s) on lightning.qubit as they contain wires not found on the device: {4, 5}
[2026-08-08 03:24:41] [phase] phase=search targets sens/spec/fpr=0.420/0.650/0.300
[2026-08-08 03:24:41] [terminal_evaluate][EXCEPTION] WireError: Cannot run circuit(s) on lightning.qubit as they contain wires not found on the device: {4, 5}
[2026-08-08 03:24:41] [phase] phase=search targets sens/spec/fpr=0.420/0.650/0.300
[2026-08-08 03:24:41] [terminal_evaluate][EXCEPTION] WireError: Cannot run circuit(s) on lightning.qubit as they contain wires not found on the device: {5}
[2026-08-08 03:24:41] [phase] phase=search targets sens/spec/fpr=0.420/0.650/0.300
[2026-08-08 03:24:41] [terminal_evaluate][EXCEPTION] WireError: Cannot run circuit(s) on lightning.qubit as they contain wires not found on the device: {4, 5}
[2026-08-08 03:24:41] [phase] phase=search targets sens/spec/fpr=0.420/0.650/0.300
[2026-08-08 03:24:41] [terminal_evaluate][EXCEPTION] WireError: Cannot run circuit(s) on lightning.qubit as they contain wires not found on the device: {4, 5}
[2026-08-08 03:24:41] [phase] phase=search targets sens/spec/fpr=0.420/0.650/0.300
[2026-08-08 03:24:41] [terminal_evaluate][EXCEPTION] WireError: Cannot run circuit(s) on lightning.qubit as they contain wires not found on the device: {4, 5}
[2026-08-08 03:24:42] [phase] phase=search targets sens/spec/fpr=0.420/0.650/0.300
[2026-08-08 03:24:42] [terminal_evaluate][EXCEPTION] WireError: Cannot run circuit(s) on lightning.qubit as they contain wires not found on the device: {4, 5}
[2026-08-08 03:24:42] [phase] phase=search targets sens/spec/fpr=0.420/0.650/0.300
[2026-08-08 03:24:42] [terminal_evaluate][EXCEPTION] WireError: Cannot run circuit(s) on lightning.qubit as they contain wires not found on the device: {4, 5}
[2026-08-08 03:24:42] [phase] phase=search targets sens/spec/fpr=0.420/0.650/0.300
[2026-08-08 03:24:42] [terminal_evaluate][EXCEPTION] WireError: Cannot run circuit(s) on lightning.qubit as they contain wires not found on the device: {4, 5}
[2026-08-08 03:24:42] [phase] phase=search targets sens/spec/fpr=0.420/0.650/0.300
[2026-08-08 03:24:42] [terminal_evaluate][EXCEPTION] WireError: Cannot run circuit(s) on lightning.qubit as they contain wires not found on the device: {5}
[2026-08-08 03:24:42] [phase] phase=search targets sens/spec/fpr=0.420/0.650/0.300
[2026-08-08 03:24:43] [terminal_evaluate][EXCEPTION] WireError: Cannot run circuit(s) on lightning.qubit as they contain wires not found on the device: {4, 5}
[2026-08-08 03:24:43] [phase] phase=search targets sens/spec/fpr=0.420/0.650/0.300
[2026-08-08 03:24:43] [terminal_evaluate][EXCEPTION] WireError: Cannot run circuit(s) on lightning.qubit as they contain wires not found on the device: {4, 5}
[2026-08-08 03:24:43] [phase] phase=search targets sens/spec/fpr=0.420/0.650/0.300
[2026-08-08 03:24:43] [terminal_evaluate][EXCEPTION] WireError: Cannot run circuit(s) on lightning.qubit as they contain wires not found on the device: {4, 5}
[2026-08-08 03:24:43] [phase] phase=search targets sens/spec/fpr=0.420/0.650/0.300
[2026-08-08 03:24:43] [terminal_evaluate][EXCEPTION] WireError: Cannot run circuit(s) on lightning.qubit as they contain wires not found on the device: {4, 5}
[2026-08-08 03:24:43] [phase] phase=search targets sens/spec/fpr=0.420/0.650/0.300
[2026-08-08 03:24:43] [terminal_evaluate][EXCEPTION] WireError: Cannot run circuit(s) on lightning.qubit as they contain wires not found on the device: {5}
[2026-08-08 03:24:44] [phase] phase=search targets sens/spec/fpr=0.420/0.650/0.300
[2026-08-08 03:24:44] [terminal_evaluate][EXCEPTION] WireError: Cannot run circuit(s) on lightning.qubit as they contain wires not found on the device: {4, 5}
[2026-08-08 03:24:44] [phase] phase=search targets sens/spec/fpr=0.420/0.650/0.300
[2026-08-08 03:24:44] [terminal_evaluate][EXCEPTION] WireError: Cannot run circuit(s) on lightning.qubit as they contain wires not found on the device: {5}
[2026-08-08 03:24:44] [phase] phase=search targets sens/spec/fpr=0.420/0.650/0.300
[2026-08-08 03:24:44] [terminal_evaluate][EXCEPTION] WireError: Cannot run circuit(s) on lightning.qubit as they contain wires not found on the device: {4, 5}
[2026-08-08 03:24:44] [phase] phase=search targets sens/spec/fpr=0.420/0.650/0.300
[2026-08-08 03:24:44] [terminal_evaluate][EXCEPTION] WireError: Cannot run circuit(s) on lightning.qubit as they contain wires not found on the device: {4, 5}
[2026-08-08 03:24:44] [phase] phase=search targets sens/spec/fpr=0.420/0.650/0.300
[2026-08-08 03:24:44] [terminal_evaluate][EXCEPTION] WireError: Cannot run circuit(s) on lightning.qubit as they contain wires not found on the device: {4, 5}
[2026-08-08 03:24:45] [phase] phase=search targets sens/spec/fpr=0.420/0.650/0.300
[2026-08-08 03:24:45] [terminal_evaluate][EXCEPTION] WireError: Cannot run circuit(s) on lightning.qubit as they contain wires not found on the device: {4, 5}
[2026-08-08 03:24:45] [phase] phase=search targets sens/spec/fpr=0.420/0.650/0.300
[2026-08-08 03:24:45] [terminal_evaluate][EXCEPTION] WireError: Cannot run circuit(s) on lightning.qubit as they contain wires not found on the device: {4, 5}
[2026-08-08 03:24:45] [phase] phase=search targets sens/spec/fpr=0.420/0.650/0.300
[2026-08-08 03:24:45] [terminal_evaluate][EXCEPTION] WireError: Cannot run circuit(s) on lightning.qubit as they contain wires not found on the device: {4, 5}
[2026-08-08 03:24:45] [phase] phase=search targets sens/spec/fpr=0.420/0.650/0.300
[2026-08-08 03:24:45] [terminal_evaluate][EXCEPTION] WireError: Cannot run circuit(s) on lightning.qubit as they contain wires not found on the device: {4, 5}
[2026-08-08 03:24:46] [phase] phase=search targets sens/spec/fpr=0.420/0.650/0.300
[2026-08-08 03:24:46] [terminal_evaluate][EXCEPTION] WireError: Cannot run circuit(s) on lightning.qubit as they contain wires not found on the device: {4, 5}
[2026-08-08 03:24:46] [phase] phase=search targets sens/spec/fpr=0.420/0.650/0.300
[2026-08-08 03:24:46] [terminal_evaluate][EXCEPTION] WireError: Cannot run circuit(s) on lightning.qubit as they contain wires not found on the device: {4, 5}
[2026-08-08 03:24:46] [phase] phase=search targets sens/spec/fpr=0.420/0.650/0.300
[2026-08-08 03:24:46] [terminal_evaluate][EXCEPTION] WireError: Cannot run circuit(s) on lightning.qubit as they contain wires not found on the device: {4, 5}
[2026-08-08 03:24:46] [phase] phase=search targets sens/spec/fpr=0.420/0.650/0.300
[2026-08-08 03:24:46] [terminal_evaluate][EXCEPTION] WireError: Cannot run circuit(s) on lightning.qubit as they contain wires not found on the device: {4, 5}
[2026-08-08 03:24:46] [phase] phase=search targets sens/spec/fpr=0.420/0.650/0.300
[2026-08-08 03:24:46] [terminal_evaluate][EXCEPTION] WireError: Cannot run circuit(s) on lightning.qubit as they contain wires not found on the device: {4, 5}
[2026-08-08 03:24:47] [phase] phase=search targets sens/spec/fpr=0.420/0.650/0.300
[2026-08-08 03:24:47] [terminal_evaluate][EXCEPTION] WireError: Cannot run circuit(s) on lightning.qubit as they contain wires not found on the device: {5}
[2026-08-08 03:24:47] [phase] phase=search targets sens/spec/fpr=0.420/0.650/0.300
[2026-08-08 03:24:47] [terminal_evaluate][EXCEPTION] WireError: Cannot run circuit(s) on lightning.qubit as they contain wires not found on the device: {4, 5}
[2026-08-08 03:24:47] [phase] phase=search targets sens/spec/fpr=0.420/0.650/0.300
[2026-08-08 03:24:47] [terminal_evaluate][EXCEPTION] WireError: Cannot run circuit(s) on lightning.qubit as they contain wires not found on the device: {4, 5}
[2026-08-08 03:24:47] [phase] phase=search targets sens/spec/fpr=0.420/0.650/0.300
[2026-08-08 03:24:47] [terminal_evaluate][EXCEPTION] WireError: Cannot run circuit(s) on lightning.qubit as they contain wires not found on the device: {4, 5}
[2026-08-08 03:24:47] [phase] phase=search targets sens/spec/fpr=0.420/0.650/0.300
[2026-08-08 03:24:47] [terminal_evaluate][EXCEPTION] WireError: Cannot run circuit(s) on lightning.qubit as they contain wires not found on the device: {4, 5}
[2026-08-08 03:24:48] [phase] phase=search targets sens/spec/fpr=0.420/0.650/0.300
[2026-08-08 03:24:48] [terminal_evaluate][EXCEPTION] WireError: Cannot run circuit(s) on lightning.qubit as they contain wires not found on the device: {4, 5}
