[2026-04-14 19:03:13] [thr] mode=soft viable=0/201 best t=0.5068 obj=-0.4611 f2=0.2827 sens=0.2500 spec=0.8281 fpr=0.1719 | pen(spec/fpr/sens)=0.000/0.072/0.600 lam(spec/fpr/sens)=2.00/2.00/1.00 | probs(min/mean/max)=0.5059/0.5063/0.5084 range=0.002544
[2026-04-14 19:03:13] [thr] logits(min/mean/max)=0.0235/0.0254/0.0336 range=0.0102 pctl(p5/p50/p95)=0.0236/0.0243/0.0298
[2026-04-14 19:03:18] [thr] mode=soft viable=0/201 best t=0.5054 obj=-0.4449 f2=0.2832 sens=0.2500 spec=0.8359 fpr=0.1641 | pen(spec/fpr/sens)=0.000/0.064/0.600 lam(spec/fpr/sens)=2.00/2.00/1.00 | probs(min/mean/max)=0.5021/0.5036/0.5116 range=0.009505
[2026-04-14 19:03:18] [thr] logits(min/mean/max)=0.0085/0.0145/0.0465 range=0.0380 pctl(p5/p50/p95)=0.0086/0.0091/0.0319
[2026-04-14 19:03:22] [thr] mode=soft viable=0/201 best t=0.4999 obj=-0.4611 f2=0.2748 sens=0.2422 spec=0.8359 fpr=0.1641 | pen(spec/fpr/sens)=0.000/0.064/0.608 lam(spec/fpr/sens)=2.00/2.00/1.00 | probs(min/mean/max)=0.4955/0.4977/0.5079 range=0.012391
[2026-04-14 19:03:22] [thr] logits(min/mean/max)=-0.0180/-0.0093/0.0316 range=0.0496 pctl(p5/p50/p95)=-0.0172/-0.0160/0.0127
[2026-04-14 19:03:27] [thr] mode=soft viable=0/201 best t=0.5029 obj=-0.4449 f2=0.2832 sens=0.2500 spec=0.8359 fpr=0.1641 | pen(spec/fpr/sens)=0.000/0.064/0.600 lam(spec/fpr/sens)=2.00/2.00/1.00 | probs(min/mean/max)=0.4973/0.4999/0.5137 range=0.016370
[2026-04-14 19:03:27] [thr] logits(min/mean/max)=-0.0108/-0.0005/0.0547 range=0.0655 pctl(p5/p50/p95)=-0.0105/-0.0094/0.0292
[2026-04-14 19:03:33] [thr] mode=soft viable=0/201 best t=0.5038 obj=-0.4611 f2=0.2827 sens=0.2500 spec=0.8281 fpr=0.1719 | pen(spec/fpr/sens)=0.000/0.072/0.600 lam(spec/fpr/sens)=2.00/2.00/1.00 | probs(min/mean/max)=0.4978/0.5006/0.5155 range=0.017782
[2026-04-14 19:03:33] [thr] logits(min/mean/max)=-0.0090/0.0025/0.0622 range=0.0711 pctl(p5/p50/p95)=-0.0086/-0.0067/0.0346
[2026-04-14 19:03:39] [thr] mode=soft viable=0/201 best t=0.5065 obj=-0.4611 f2=0.2827 sens=0.2500 spec=0.8281 fpr=0.1719 | pen(spec/fpr/sens)=0.000/0.072/0.600 lam(spec/fpr/sens)=2.00/2.00/1.00 | probs(min/mean/max)=0.4982/0.5022/0.5227 range=0.024455
[2026-04-14 19:03:39] [thr] logits(min/mean/max)=-0.0072/0.0087/0.0907 range=0.0979 pctl(p5/p50/p95)=-0.0068/-0.0033/0.0526
[2026-04-14 19:03:40] [thr] mode=soft viable=0/201 best t=0.5130 obj=-0.6951 f2=0.1111 sens=0.0938 spec=0.8750 fpr=0.1250 | pen(spec/fpr/sens)=0.000/0.025/0.756 lam(spec/fpr/sens)=2.00/2.00/1.00 | probs(min/mean/max)=0.4982/0.5037/0.5237 range=0.025543
[2026-04-14 19:03:40] [thr] logits(min/mean/max)=-0.0073/0.0149/0.0950 range=0.1022 pctl(p5/p50/p95)=-0.0069/-0.0010/0.0686
[2026-04-14 19:03:42] [thr] mode=soft viable=0/201 best t=0.4892 obj=-0.5588 f2=0.2240 sens=0.1953 spec=0.8359 fpr=0.1641 | pen(spec/fpr/sens)=0.000/0.064/0.655 lam(spec/fpr/sens)=2.00/2.00/1.00 | probs(min/mean/max)=0.4836/0.4869/0.4975 range=0.013929
[2026-04-14 19:03:42] [thr] logits(min/mean/max)=-0.0657/-0.0524/-0.0100 range=0.0557 pctl(p5/p50/p95)=-0.0627/-0.0584/-0.0256
[2026-04-14 19:03:47] [thr] mode=soft viable=0/201 best t=0.5006 obj=-0.4936 f2=0.2580 sens=0.2266 spec=0.8359 fpr=0.1641 | pen(spec/fpr/sens)=0.000/0.064/0.623 lam(spec/fpr/sens)=2.00/2.00/1.00 | probs(min/mean/max)=0.4939/0.4974/0.5136 range=0.019679
[2026-04-14 19:03:47] [thr] logits(min/mean/max)=-0.0242/-0.0104/0.0545 range=0.0787 pctl(p5/p50/p95)=-0.0233/-0.0203/0.0298
[2026-04-14 19:03:52] [thr] mode=soft viable=0/201 best t=0.4986 obj=-0.4936 f2=0.2580 sens=0.2266 spec=0.8359 fpr=0.1641 | pen(spec/fpr/sens)=0.000/0.064/0.623 lam(spec/fpr/sens)=2.00/2.00/1.00 | probs(min/mean/max)=0.4927/0.4959/0.5096 range=0.016863
[2026-04-14 19:03:52] [thr] logits(min/mean/max)=-0.0290/-0.0165/0.0384 range=0.0675 pctl(p5/p50/p95)=-0.0278/-0.0248/0.0172
[2026-04-14 19:03:56] [thr] mode=soft viable=0/201 best t=0.4992 obj=-0.4934 f2=0.2660 sens=0.2344 spec=0.8281 fpr=0.1719 | pen(spec/fpr/sens)=0.000/0.072/0.616 lam(spec/fpr/sens)=2.00/2.00/1.00 | probs(min/mean/max)=0.4930/0.4964/0.5117 range=0.018700
[2026-04-14 19:03:56] [thr] logits(min/mean/max)=-0.0282/-0.0142/0.0466 range=0.0748 pctl(p5/p50/p95)=-0.0268/-0.0231/0.0208
[2026-04-14 19:04:00] [thr] mode=soft viable=0/201 best t=0.5026 obj=-0.4934 f2=0.2660 sens=0.2344 spec=0.8281 fpr=0.1719 | pen(spec/fpr/sens)=0.000/0.072/0.616 lam(spec/fpr/sens)=2.00/2.00/1.00 | probs(min/mean/max)=0.4941/0.4989/0.5199 range=0.025757
[2026-04-14 19:04:00] [thr] logits(min/mean/max)=-0.0235/-0.0045/0.0796 range=0.1031 pctl(p5/p50/p95)=-0.0219/-0.0165/0.0440
[2026-04-14 19:04:05] [thr] mode=soft viable=0/201 best t=0.5043 obj=-0.4772 f2=0.2743 sens=0.2422 spec=0.8281 fpr=0.1719 | pen(spec/fpr/sens)=0.000/0.072/0.608 lam(spec/fpr/sens)=2.00/2.00/1.00 | probs(min/mean/max)=0.4946/0.5002/0.5246 range=0.030011
[2026-04-14 19:04:05] [thr] logits(min/mean/max)=-0.0216/0.0007/0.0985 range=0.1201 pctl(p5/p50/p95)=-0.0199/-0.0118/0.0568
[2026-04-14 19:04:05] [thr] mode=soft viable=0/201 best t=0.5062 obj=-0.6251 f2=0.1812 sens=0.1562 spec=0.8438 fpr=0.1562 | pen(spec/fpr/sens)=0.000/0.056/0.694 lam(spec/fpr/sens)=2.00/2.00/1.00 | probs(min/mean/max)=0.4948/0.5002/0.5195 range=0.024644
[2026-04-14 19:04:05] [thr] logits(min/mean/max)=-0.0207/0.0009/0.0779 range=0.0986 pctl(p5/p50/p95)=-0.0196/-0.0133/0.0669
[2026-04-14 19:04:08] [thr] mode=soft viable=0/201 best t=0.5113 obj=-0.6410 f2=0.1808 sens=0.1562 spec=0.8359 fpr=0.1641 | pen(spec/fpr/sens)=0.000/0.064/0.694 lam(spec/fpr/sens)=2.00/2.00/1.00 | probs(min/mean/max)=0.4993/0.5046/0.5279 range=0.028520
[2026-04-14 19:04:08] [thr] logits(min/mean/max)=-0.0026/0.0184/0.1116 range=0.1142 pctl(p5/p50/p95)=-0.0010/0.0019/0.0784
[2026-04-14 19:04:13] [thr] mode=soft viable=0/201 best t=0.4947 obj=-0.4837 f2=0.3522 sens=0.3203 spec=0.7734 fpr=0.2266 | pen(spec/fpr/sens)=0.027/0.127/0.530 lam(spec/fpr/sens)=2.00/2.00/1.00 | probs(min/mean/max)=0.4885/0.4938/0.4951 range=0.006538
[2026-04-14 19:04:13] [thr] logits(min/mean/max)=-0.0459/-0.0249/-0.0198 range=0.0262 pctl(p5/p50/p95)=-0.0363/-0.0229/-0.0201
[2026-04-14 19:04:17] [thr] mode=soft viable=0/201 best t=0.5004 obj=-0.4040 f2=0.3460 sens=0.3125 spec=0.7969 fpr=0.2031 | pen(spec/fpr/sens)=0.003/0.103/0.537 lam(spec/fpr/sens)=2.00/2.00/1.00 | probs(min/mean/max)=0.4910/0.4988/0.5006 range=0.009635
[2026-04-14 19:04:17] [thr] logits(min/mean/max)=-0.0361/-0.0048/0.0025 range=0.0385 pctl(p5/p50/p95)=-0.0236/-0.0007/0.0022
[2026-04-14 19:04:21] [thr] mode=soft viable=0/201 best t=0.4986 obj=-0.3498 f2=0.3627 sens=0.3281 spec=0.8047 fpr=0.1953 | pen(spec/fpr/sens)=0.000/0.095/0.522 lam(spec/fpr/sens)=2.00/2.00/1.00 | probs(min/mean/max)=0.4850/0.4963/0.4990 range=0.013989
[2026-04-14 19:04:21] [thr] logits(min/mean/max)=-0.0599/-0.0147/-0.0040 range=0.0560 pctl(p5/p50/p95)=-0.0413/-0.0094/-0.0044
[2026-04-14 19:04:26] [thr] mode=soft viable=0/201 best t=0.4989 obj=-0.3340 f2=0.3707 sens=0.3359 spec=0.8047 fpr=0.1953 | pen(spec/fpr/sens)=0.000/0.095/0.514 lam(spec/fpr/sens)=2.00/2.00/1.00 | probs(min/mean/max)=0.4815/0.4960/0.4994 range=0.017977
[2026-04-14 19:04:26] [thr] logits(min/mean/max)=-0.0741/-0.0160/-0.0022 range=0.0719 pctl(p5/p50/p95)=-0.0483/-0.0098/-0.0027
[2026-04-14 19:04:30] [thr] mode=soft viable=0/201 best t=0.5052 obj=-0.4361 f2=0.3608 sens=0.3281 spec=0.7812 fpr=0.2188 | pen(spec/fpr/sens)=0.019/0.119/0.522 lam(spec/fpr/sens)=2.00/2.00/1.00 | probs(min/mean/max)=0.4842/0.5017/0.5057 range=0.021438
[2026-04-14 19:04:30] [thr] logits(min/mean/max)=-0.0632/0.0069/0.0226 range=0.0858 pctl(p5/p50/p95)=-0.0298/0.0137/0.0223
[2026-04-14 19:04:31] [thr] mode=soft viable=0/201 best t=0.5055 obj=-0.7551 f2=0.1449 sens=0.1250 spec=0.8125 fpr=0.1875 | pen(spec/fpr/sens)=0.000/0.087/0.725 lam(spec/fpr/sens)=2.00/2.00/1.00 | probs(min/mean/max)=0.4839/0.5021/0.5056 range=0.021650
[2026-04-14 19:04:31] [thr] logits(min/mean/max)=-0.0643/0.0083/0.0224 range=0.0866 pctl(p5/p50/p95)=-0.0223/0.0135/0.0223
