[2026-04-14 19:08:45] [thr] mode=soft viable=0/201 best t=0.5274 obj=0.7612 f2=0.9049 sens=0.9219 spec=0.8281 fpr=0.1719 | pen(spec/fpr/sens)=0.000/0.072/0.000 lam(spec/fpr/sens)=2.00/2.00/1.00 | probs(min/mean/max)=0.5079/0.5272/0.5410 range=0.033117
[2026-04-14 19:08:45] [thr] logits(min/mean/max)=0.0316/0.1091/0.1645 range=0.1328 pctl(p5/p50/p95)=0.0490/0.1150/0.1584
[2026-04-14 19:08:48] [thr] mode=soft viable=0/201 best t=0.4269 obj=0.7038 f2=0.8476 sens=0.8516 spec=0.8281 fpr=0.1719 | pen(spec/fpr/sens)=0.000/0.072/0.000 lam(spec/fpr/sens)=2.00/2.00/1.00 | probs(min/mean/max)=0.1515/0.4431/0.7995 range=0.648011
[2026-04-14 19:08:48] [thr] logits(min/mean/max)=-1.7228/-0.2640/1.3833 range=3.1061 pctl(p5/p50/p95)=-1.5230/-0.2727/1.1332
[2026-04-14 19:08:52] [thr] mode=soft viable=0/201 best t=0.5728 obj=0.7980 f2=0.8386 sens=0.8281 spec=0.8906 fpr=0.1094 | pen(spec/fpr/sens)=0.000/0.009/0.022 lam(spec/fpr/sens)=2.00/2.00/1.00 | probs(min/mean/max)=0.1394/0.5211/0.8867 range=0.747350
[2026-04-14 19:08:52] [thr] logits(min/mean/max)=-1.8207/0.1015/2.0575 range=3.8782 pctl(p5/p50/p95)=-1.5336/0.2085/1.8249
[2026-04-14 19:08:56] [thr] mode=soft viable=0/201 best t=0.5329 obj=0.8050 f2=0.8347 sens=0.8203 spec=0.9062 fpr=0.0938 | pen(spec/fpr/sens)=0.000/0.000/0.030 lam(spec/fpr/sens)=2.00/2.00/1.00 | probs(min/mean/max)=0.1498/0.4985/0.9085 range=0.758658
[2026-04-14 19:08:56] [thr] logits(min/mean/max)=-1.7362/0.0033/2.2949 range=4.0311 pctl(p5/p50/p95)=-1.6256/-0.0128/1.9282
[2026-04-14 19:08:59] [thr] mode=soft viable=0/201 best t=0.5032 obj=0.8016 f2=0.8672 sens=0.8672 spec=0.8672 fpr=0.1328 | pen(spec/fpr/sens)=0.000/0.033/0.000 lam(spec/fpr/sens)=2.00/2.00/1.00 | probs(min/mean/max)=0.1654/0.5059/0.8997 range=0.734262
[2026-04-14 19:08:59] [thr] logits(min/mean/max)=-1.6183/0.0381/2.1939 range=3.8122 pctl(p5/p50/p95)=-1.4967/0.0225/1.8512
[2026-04-14 19:09:03] [thr] mode=soft viable=0/201 best t=0.5222 obj=0.8050 f2=0.8347 sens=0.8203 spec=0.9062 fpr=0.0938 | pen(spec/fpr/sens)=0.000/0.000/0.030 lam(spec/fpr/sens)=2.00/2.00/1.00 | probs(min/mean/max)=0.1466/0.4885/0.8979 range=0.751317
[2026-04-14 19:09:03] [thr] logits(min/mean/max)=-1.7617/-0.0513/2.1741 range=3.9358 pctl(p5/p50/p95)=-1.6352/-0.0678/1.8188
[2026-04-14 19:09:03] [thr] mode=soft viable=0/201 best t=0.5647 obj=0.8536 f2=0.8599 sens=0.8438 spec=0.9375 fpr=0.0625 | pen(spec/fpr/sens)=0.000/0.000/0.006 lam(spec/fpr/sens)=2.00/2.00/1.00 | probs(min/mean/max)=0.1475/0.4793/0.8859 range=0.738405
[2026-04-14 19:09:03] [thr] logits(min/mean/max)=-1.7544/-0.1224/2.0495 range=3.8039 pctl(p5/p50/p95)=-1.7039/0.0331/1.4645
[2026-04-14 19:09:05] [thr] mode=soft viable=0/201 best t=0.4613 obj=0.8121 f2=0.8621 sens=0.8594 spec=0.8750 fpr=0.1250 | pen(spec/fpr/sens)=0.000/0.025/0.000 lam(spec/fpr/sens)=2.00/2.00/1.00 | probs(min/mean/max)=0.3683/0.4625/0.5797 range=0.211415
[2026-04-14 19:09:05] [thr] logits(min/mean/max)=-0.5397/-0.1521/0.3215 range=0.8611 pctl(p5/p50/p95)=-0.4823/-0.1573/0.2328
[2026-04-14 19:09:10] [thr] mode=soft viable=0/201 best t=0.5542 obj=0.8460 f2=0.8648 sens=0.8594 spec=0.8906 fpr=0.1094 | pen(spec/fpr/sens)=0.000/0.009/0.000 lam(spec/fpr/sens)=2.00/2.00/1.00 | probs(min/mean/max)=0.1183/0.5239/0.9181 range=0.799792
[2026-04-14 19:09:10] [thr] logits(min/mean/max)=-2.0083/0.1415/2.4171 range=4.4254 pctl(p5/p50/p95)=-1.7202/0.1624/2.1410
[2026-04-14 19:09:13] [thr] mode=soft viable=0/201 best t=0.4570 obj=0.8889 f2=0.8920 sens=0.8906 spec=0.8984 fpr=0.1016 | pen(spec/fpr/sens)=0.000/0.002/0.000 lam(spec/fpr/sens)=2.00/2.00/1.00 | probs(min/mean/max)=0.1405/0.4618/0.8438 range=0.703347
[2026-04-14 19:09:13] [thr] logits(min/mean/max)=-1.8111/-0.1860/1.6872 range=3.4983 pctl(p5/p50/p95)=-1.6974/-0.1748/1.4666
[2026-04-14 19:09:17] [thr] mode=soft viable=0/201 best t=0.5201 obj=0.8570 f2=0.9070 sens=0.9141 spec=0.8750 fpr=0.1250 | pen(spec/fpr/sens)=0.000/0.025/0.000 lam(spec/fpr/sens)=2.00/2.00/1.00 | probs(min/mean/max)=0.1696/0.5224/0.8923 range=0.722685
[2026-04-14 19:09:17] [thr] logits(min/mean/max)=-1.5887/0.1205/2.1139 range=3.7026 pctl(p5/p50/p95)=-1.4378/0.1203/1.8682
[2026-04-14 19:09:21] [thr] mode=soft viable=0/201 best t=0.5203 obj=0.8630 f2=0.8661 sens=0.8594 spec=0.8984 fpr=0.1016 | pen(spec/fpr/sens)=0.000/0.002/0.000 lam(spec/fpr/sens)=2.00/2.00/1.00 | probs(min/mean/max)=0.1690/0.5028/0.8716 range=0.702595
[2026-04-14 19:09:21] [thr] logits(min/mean/max)=-1.5926/0.0169/1.9153 range=3.5079 pctl(p5/p50/p95)=-1.4283/0.0567/1.6321
[2026-04-14 19:09:25] [thr] mode=soft viable=1/201 best t=0.5318 obj=0.8760 f2=0.8791 sens=0.8750 spec=0.8984 fpr=0.1016 | pen(spec/fpr/sens)=0.000/0.002/0.000 lam(spec/fpr/sens)=2.00/2.00/1.00 | probs(min/mean/max)=0.1721/0.5253/0.9215 range=0.749414
[2026-04-14 19:09:25] [thr] logits(min/mean/max)=-1.5708/0.1519/2.4632 range=4.0340 pctl(p5/p50/p95)=-1.4615/0.0621/2.1251
[2026-04-14 19:09:25] [thr] mode=soft viable=0/201 best t=0.5934 obj=0.7377 f2=0.8065 sens=0.7812 spec=0.9375 fpr=0.0625 | pen(spec/fpr/sens)=0.000/0.000/0.069 lam(spec/fpr/sens)=2.00/2.00/1.00 | probs(min/mean/max)=0.1704/0.5274/0.9257 range=0.755283
[2026-04-14 19:09:25] [thr] logits(min/mean/max)=-1.5826/0.1587/2.5226 range=4.1052 pctl(p5/p50/p95)=-1.5033/0.1878/1.9162
[2026-04-14 19:09:28] [thr] mode=soft viable=0/201 best t=0.5335 obj=0.6937 f2=0.8359 sens=0.8359 spec=0.8359 fpr=0.1641 | pen(spec/fpr/sens)=0.000/0.064/0.014 lam(spec/fpr/sens)=2.00/2.00/1.00 | probs(min/mean/max)=0.4537/0.5295/0.5961 range=0.142403
[2026-04-14 19:09:28] [thr] logits(min/mean/max)=-0.1857/0.1187/0.3893 range=0.5750 pctl(p5/p50/p95)=-0.1402/0.1345/0.3553
[2026-04-14 19:09:32] [thr] mode=soft viable=0/201 best t=0.4954 obj=0.6312 f2=0.8203 sens=0.8203 spec=0.8203 fpr=0.1797 | pen(spec/fpr/sens)=0.000/0.080/0.030 lam(spec/fpr/sens)=2.00/2.00/1.00 | probs(min/mean/max)=0.1392/0.4862/0.8737 range=0.734417
[2026-04-14 19:09:32] [thr] logits(min/mean/max)=-1.8216/-0.0700/1.9337 range=3.7553 pctl(p5/p50/p95)=-1.6622/-0.0191/1.5301
[2026-04-14 19:09:35] [thr] mode=soft viable=0/201 best t=0.5707 obj=0.7861 f2=0.8267 sens=0.8125 spec=0.8984 fpr=0.1016 | pen(spec/fpr/sens)=0.000/0.002/0.037 lam(spec/fpr/sens)=2.00/2.00/1.00 | probs(min/mean/max)=0.1648/0.5057/0.8706 range=0.705771
[2026-04-14 19:09:35] [thr] logits(min/mean/max)=-1.6226/0.0209/1.9064 range=3.5290 pctl(p5/p50/p95)=-1.4303/0.1223/1.3776
[2026-04-14 19:09:38] [thr] mode=soft viable=0/201 best t=0.4893 obj=0.8117 f2=0.8413 sens=0.8203 spec=0.9453 fpr=0.0547 | pen(spec/fpr/sens)=0.000/0.000/0.030 lam(spec/fpr/sens)=2.00/2.00/1.00 | probs(min/mean/max)=0.1416/0.4300/0.8814 range=0.739827
[2026-04-14 19:09:38] [thr] logits(min/mean/max)=-1.8022/-0.3350/2.0058 range=3.8080 pctl(p5/p50/p95)=-1.7231/-0.4315/1.3729
[2026-04-14 19:09:42] [thr] mode=soft viable=0/201 best t=0.5610 obj=0.8005 f2=0.8333 sens=0.8203 spec=0.8984 fpr=0.1016 | pen(spec/fpr/sens)=0.000/0.002/0.030 lam(spec/fpr/sens)=2.00/2.00/1.00 | probs(min/mean/max)=0.1736/0.5102/0.9115 range=0.737969
[2026-04-14 19:09:42] [thr] logits(min/mean/max)=-1.5607/0.0591/2.3324 range=3.8930 pctl(p5/p50/p95)=-1.4296/0.0564/1.7222
[2026-04-14 19:09:46] [thr] mode=soft viable=0/201 best t=0.6539 obj=0.8117 f2=0.8413 sens=0.8203 spec=0.9453 fpr=0.0547 | pen(spec/fpr/sens)=0.000/0.000/0.030 lam(spec/fpr/sens)=2.00/2.00/1.00 | probs(min/mean/max)=0.1921/0.5505/0.9137 range=0.721677
[2026-04-14 19:09:46] [thr] logits(min/mean/max)=-1.4366/0.2504/2.3603 range=3.7969 pctl(p5/p50/p95)=-1.2629/0.2935/1.7829
[2026-04-14 19:09:46] [thr] mode=soft viable=0/201 best t=0.6192 obj=0.7958 f2=0.8333 sens=0.8125 spec=0.9375 fpr=0.0625 | pen(spec/fpr/sens)=0.000/0.000/0.037 lam(spec/fpr/sens)=2.00/2.00/1.00 | probs(min/mean/max)=0.1846/0.5639/0.9029 range=0.718299
[2026-04-14 19:09:46] [thr] logits(min/mean/max)=-1.4855/0.3498/2.2299 range=3.7154 pctl(p5/p50/p95)=-1.2187/0.3363/2.1635
